###############################################################################
#
# IAR ELF Linker V7.80.1.11864/W32 for ARM                26/Apr/2017  01:38:18
# Copyright 2007-2016 IAR Systems AB.
#
#    Output file  =  D:\Work\living\Stat\Debug\Exe\c.out
#    Map file     =  D:\Work\living\Stat\Debug\List\c.map
#    Command line =  
#        D:\Work\living\Stat\Debug\Obj\Animations.o
#        D:\Work\living\Stat\Debug\Obj\Chars.o
#        D:\Work\living\Stat\Debug\Obj\ChrScripts.o
#        D:\Work\living\Stat\Debug\Obj\Control.o
#        D:\Work\living\Stat\Debug\Obj\core_cm3.o
#        D:\Work\living\Stat\Debug\Obj\croutine.o
#        D:\Work\living\Stat\Debug\Obj\DisplayDriver.o
#        D:\Work\living\Stat\Debug\Obj\FooterTiles.o
#        D:\Work\living\Stat\Debug\Obj\Game.o
#        D:\Work\living\Stat\Debug\Obj\Graphics.o
#        D:\Work\living\Stat\Debug\Obj\heap_4.o
#        D:\Work\living\Stat\Debug\Obj\list.o
#        D:\Work\living\Stat\Debug\Obj\Locations.o
#        D:\Work\living\Stat\Debug\Obj\LocScripts.o
#        D:\Work\living\Stat\Debug\Obj\main.o
#        D:\Work\living\Stat\Debug\Obj\misc.o
#        D:\Work\living\Stat\Debug\Obj\Player.o
#        D:\Work\living\Stat\Debug\Obj\port.o
#        D:\Work\living\Stat\Debug\Obj\portasm.o
#        D:\Work\living\Stat\Debug\Obj\queue.o
#        D:\Work\living\Stat\Debug\Obj\SndDriver.o
#        D:\Work\living\Stat\Debug\Obj\StandbyScript.o
#        D:\Work\living\Stat\Debug\Obj\startup_stm32f10x_hd.o
#        D:\Work\living\Stat\Debug\Obj\stm32f10x_dma.o
#        D:\Work\living\Stat\Debug\Obj\stm32f10x_fsmc.o
#        D:\Work\living\Stat\Debug\Obj\stm32f10x_gpio.o
#        D:\Work\living\Stat\Debug\Obj\stm32f10x_pwr.o
#        D:\Work\living\Stat\Debug\Obj\stm32f10x_rcc.o
#        D:\Work\living\Stat\Debug\Obj\stm32f10x_spi.o
#        D:\Work\living\Stat\Debug\Obj\stm32f10x_tim.o
#        D:\Work\living\Stat\Debug\Obj\system_stm32f10x.o
#        D:\Work\living\Stat\Debug\Obj\tasks.o
#        D:\Work\living\Stat\Debug\Obj\timers.o -o
#        D:\Work\living\Stat\Debug\Exe\c.out --map
#        D:\Work\living\Stat\Debug\List\c.map --config
#        D:\Work\living\Mobile\MCU\Example.icf --entry __iar_program_start
#        --vfe
#
###############################################################################

*******************************************************************************
*** RUNTIME MODEL ATTRIBUTES
***

CppFlavor       = *
__SystemLibrary = DLib


*******************************************************************************
*** PLACEMENT SUMMARY
***

"A0":  place at 0x08000000 { ro section .intvec };
"P1":  place in [from 0x08000000 to 0x0803ffff] { ro };
"P2":  place in [from 0x20000000 to 0x2000bfff] { rw, block CSTACK, block HEAP };
initialize by copy { rw };

  Section            Kind        Address     Size  Object
  -------            ----        -------     ----  ------
"A0":                                       0x130
  .intvec            ro code  0x08000000    0x130  startup_stm32f10x_hd.o [1]
                            - 0x08000130    0x130

"P1":                                     0x28e07
  .rodata            const    0x08000130   0x4000  Graphics.o [1]
  .rodata            const    0x08004130   0x19c0  FooterTiles.o [1]
  .text              ro code  0x08005af0   0x1058  Player.o [1]
  .text              ro code  0x08006b48    0xcb4  Game.o [1]
  .text              ro code  0x080077fc     0xd8  Animations.o [1]
  .text              ro code  0x080078d4    0x7e0  Graphics.o [1]
  .text              ro code  0x080080b4    0x3f8  queue.o [1]
  .text              ro code  0x080084ac    0x724  tasks.o [1]
  .text              ro code  0x08008bd0     0x9c  Locations.o [1]
  .text              ro code  0x08008c6c     0x66  ABImemset.o [4]
  .rodata            const    0x08008cd2      0x2  heap_4.o [1]
  .text              ro code  0x08008cd4    0x280  Control.o [1]
  .text              ro code  0x08008f54    0x458  ChrScripts.o [1]
  .text              ro code  0x080093ac    0x434  DisplayDriver.o [1]
  .text              ro code  0x080097e0     0x76  ABImemcpy_unaligned.o [4]
  .text              ro code  0x08009858     0xc4  port.o [1]
  .text              ro code  0x0800991c     0x9c  list.o [1]
  .text              ro code  0x080099b8    0x190  heap_4.o [1]
  CODE               ro code  0x08009b48     0x7c  portasm.o [1]
  .text              ro code  0x08009bc4     0x6c  strncpy_unaligned.o [4]
  .text              ro code  0x08009c30     0x96  stm32f10x_spi.o [1]
  .text              ro code  0x08009cc8     0x6c  stm32f10x_rcc.o [1]
  .text              ro code  0x08009d34    0x148  stm32f10x_gpio.o [1]
  .text              ro code  0x08009e7c     0xa2  Chars.o [1]
  .text              ro code  0x08009f20    0x11c  stm32f10x_fsmc.o [1]
  .rodata            const    0x0800a03c    0x8d0  Animations.o [1]
  .rodata            const    0x0800a90c    0x8d0  Animations.o [1]
  .rodata            const    0x0800b1dc    0x390  Animations.o [1]
  .rodata            const    0x0800b56c    0x390  Animations.o [1]
  .rodata            const    0x0800b8fc    0x360  Animations.o [1]
  .rodata            const    0x0800bc5c    0x320  Animations.o [1]
  .rodata            const    0x0800bf7c    0x320  Animations.o [1]
  .rodata            const    0x0800c29c    0x300  Animations.o [1]
  .rodata            const    0x0800c59c    0x300  Animations.o [1]
  .text              ro code  0x0800c89c    0x2a8  LocScripts.o [1]
  .rodata            const    0x0800cb44    0x290  Animations.o [1]
  .rodata            const    0x0800cdd4    0x290  Animations.o [1]
  .rodata            const    0x0800d064    0x280  Animations.o [1]
  .rodata            const    0x0800d2e4    0x280  Animations.o [1]
  .rodata            const    0x0800d564    0x280  Animations.o [1]
  .rodata            const    0x0800d7e4    0x228  Animations.o [1]
  .rodata            const    0x0800da0c    0x228  Animations.o [1]
  .rodata            const    0x0800dc34    0x228  Animations.o [1]
  .rodata            const    0x0800de5c    0x228  Animations.o [1]
  .rodata            const    0x0800e084    0x228  Animations.o [1]
  .rodata            const    0x0800e2ac    0x228  Animations.o [1]
  .rodata            const    0x0800e4d4    0x228  Animations.o [1]
  .rodata            const    0x0800e6fc    0x228  Animations.o [1]
  .rodata            const    0x0800e924    0x228  Animations.o [1]
  .rodata            const    0x0800eb4c    0x228  Animations.o [1]
  .rodata            const    0x0800ed74    0x228  Animations.o [1]
  .rodata            const    0x0800ef9c    0x228  Animations.o [1]
  .rodata            const    0x0800f1c4    0x228  Animations.o [1]
  .rodata            const    0x0800f3ec    0x228  Animations.o [1]
  .rodata            const    0x0800f614    0x228  Animations.o [1]
  .rodata            const    0x0800f83c    0x228  Animations.o [1]
  .rodata            const    0x0800fa64    0x228  Animations.o [1]
  .rodata            const    0x0800fc8c    0x228  Animations.o [1]
  .rodata            const    0x0800feb4    0x228  Animations.o [1]
  .rodata            const    0x080100dc    0x228  Animations.o [1]
  .rodata            const    0x08010304    0x228  Animations.o [1]
  .rodata            const    0x0801052c    0x228  Animations.o [1]
  .rodata            const    0x08010754    0x228  Animations.o [1]
  .rodata            const    0x0801097c    0x228  Animations.o [1]
  .rodata            const    0x08010ba4    0x228  Animations.o [1]
  .rodata            const    0x08010dcc    0x228  Animations.o [1]
  .rodata            const    0x08010ff4    0x228  Animations.o [1]
  .rodata            const    0x0801121c    0x228  Animations.o [1]
  .rodata            const    0x08011444    0x228  Animations.o [1]
  .rodata            const    0x0801166c    0x228  Animations.o [1]
  .rodata            const    0x08011894    0x228  Animations.o [1]
  .rodata            const    0x08011abc    0x228  Animations.o [1]
  .rodata            const    0x08011ce4    0x228  Animations.o [1]
  .rodata            const    0x08011f0c    0x228  Animations.o [1]
  .rodata            const    0x08012134    0x228  Animations.o [1]
  .rodata            const    0x0801235c    0x228  Animations.o [1]
  .rodata            const    0x08012584    0x228  Animations.o [1]
  .rodata            const    0x080127ac    0x228  Animations.o [1]
  .rodata            const    0x080129d4    0x228  Animations.o [1]
  .rodata            const    0x08012bfc    0x228  Animations.o [1]
  .rodata            const    0x08012e24    0x228  Animations.o [1]
  .rodata            const    0x0801304c    0x228  Animations.o [1]
  .rodata            const    0x08013274    0x228  Animations.o [1]
  .rodata            const    0x0801349c    0x228  Animations.o [1]
  .rodata            const    0x080136c4    0x228  Animations.o [1]
  .rodata            const    0x080138ec    0x228  Animations.o [1]
  .rodata            const    0x08013b14    0x228  Animations.o [1]
  .rodata            const    0x08013d3c    0x228  Animations.o [1]
  .rodata            const    0x08013f64    0x228  Animations.o [1]
  .rodata            const    0x0801418c    0x228  Animations.o [1]
  .rodata            const    0x080143b4    0x210  Animations.o [1]
  .rodata            const    0x080145c4    0x210  Animations.o [1]
  .rodata            const    0x080147d4    0x210  Animations.o [1]
  .rodata            const    0x080149e4    0x210  Animations.o [1]
  .rodata            const    0x08014bf4    0x210  Animations.o [1]
  .rodata            const    0x08014e04    0x210  Animations.o [1]
  .rodata            const    0x08015014    0x210  Animations.o [1]
  .rodata            const    0x08015224    0x210  Animations.o [1]
  .rodata            const    0x08015434    0x210  Animations.o [1]
  .rodata            const    0x08015644    0x210  Animations.o [1]
  .rodata            const    0x08015854    0x210  Animations.o [1]
  .rodata            const    0x08015a64    0x210  Animations.o [1]
  .rodata            const    0x08015c74    0x210  Animations.o [1]
  .rodata            const    0x08015e84    0x210  Animations.o [1]
  .rodata            const    0x08016094    0x210  Animations.o [1]
  .rodata            const    0x080162a4    0x210  Animations.o [1]
  .rodata            const    0x080164b4    0x210  Animations.o [1]
  .rodata            const    0x080166c4    0x210  Animations.o [1]
  .rodata            const    0x080168d4    0x1f8  Animations.o [1]
  .rodata            const    0x08016acc    0x1f8  Animations.o [1]
  .rodata            const    0x08016cc4    0x1f8  Animations.o [1]
  .rodata            const    0x08016ebc    0x1f8  Animations.o [1]
  .rodata            const    0x080170b4    0x1f8  Animations.o [1]
  .rodata            const    0x080172ac    0x1f8  Animations.o [1]
  .rodata            const    0x080174a4    0x1f8  Animations.o [1]
  .rodata            const    0x0801769c    0x1f8  Animations.o [1]
  .rodata            const    0x08017894    0x1f8  Animations.o [1]
  .rodata            const    0x08017a8c    0x1f8  Animations.o [1]
  .rodata            const    0x08017c84    0x1f8  Animations.o [1]
  .rodata            const    0x08017e7c    0x1f8  Animations.o [1]
  .rodata            const    0x08018074    0x1f8  Animations.o [1]
  .rodata            const    0x0801826c    0x1f8  Animations.o [1]
  .rodata            const    0x08018464    0x1f8  Animations.o [1]
  .rodata            const    0x0801865c    0x1f8  Animations.o [1]
  .rodata            const    0x08018854    0x1f8  Animations.o [1]
  .rodata            const    0x08018a4c    0x1f8  Animations.o [1]
  .rodata            const    0x08018c44    0x1e0  Animations.o [1]
  .rodata            const    0x08018e24    0x1e0  Animations.o [1]
  .rodata            const    0x08019004    0x1e0  Animations.o [1]
  .rodata            const    0x080191e4    0x1e0  Animations.o [1]
  .rodata            const    0x080193c4    0x1e0  Animations.o [1]
  .rodata            const    0x080195a4    0x1e0  Animations.o [1]
  .rodata            const    0x08019784    0x1e0  Animations.o [1]
  .rodata            const    0x08019964    0x1e0  Animations.o [1]
  .text              ro code  0x08019b44    0x1cc  stm32f10x_tim.o [1]
  .rodata            const    0x08019d10    0x1c8  Animations.o [1]
  .rodata            const    0x08019ed8    0x1c8  Animations.o [1]
  .rodata            const    0x0801a0a0    0x1c8  Animations.o [1]
  .rodata            const    0x0801a268    0x1c8  Animations.o [1]
  .rodata            const    0x0801a430    0x184  Graphics.o [1]
  .rodata            const    0x0801a5b4    0x184  Graphics.o [1]
  .rodata            const    0x0801a738    0x184  Graphics.o [1]
  .rodata            const    0x0801a8bc    0x184  Graphics.o [1]
  .rodata            const    0x0801aa40    0x184  Graphics.o [1]
  .rodata            const    0x0801abc4    0x184  Graphics.o [1]
  .rodata            const    0x0801ad48    0x184  Graphics.o [1]
  .rodata            const    0x0801aecc    0x184  Graphics.o [1]
  .rodata            const    0x0801b050    0x184  Graphics.o [1]
  .rodata            const    0x0801b1d4    0x184  Graphics.o [1]
  .rodata            const    0x0801b358    0x184  Graphics.o [1]
  .rodata            const    0x0801b4dc    0x184  Graphics.o [1]
  .rodata            const    0x0801b660    0x184  Graphics.o [1]
  .rodata            const    0x0801b7e4    0x184  Graphics.o [1]
  .rodata            const    0x0801b968    0x184  Graphics.o [1]
  .rodata            const    0x0801baec    0x184  Graphics.o [1]
  .rodata            const    0x0801bc70    0x184  Graphics.o [1]
  .rodata            const    0x0801bdf4    0x184  Graphics.o [1]
  .rodata            const    0x0801bf78    0x184  Graphics.o [1]
  .rodata            const    0x0801c0fc    0x184  Graphics.o [1]
  .rodata            const    0x0801c280    0x184  Graphics.o [1]
  .rodata            const    0x0801c404    0x184  Graphics.o [1]
  .rodata            const    0x0801c588    0x184  Graphics.o [1]
  .rodata            const    0x0801c70c    0x184  Graphics.o [1]
  .rodata            const    0x0801c890    0x184  Graphics.o [1]
  .rodata            const    0x0801ca14    0x184  Graphics.o [1]
  .rodata            const    0x0801cb98    0x184  Graphics.o [1]
  .rodata            const    0x0801cd1c    0x184  Graphics.o [1]
  .rodata            const    0x0801cea0    0x184  Graphics.o [1]
  .rodata            const    0x0801d024    0x184  Graphics.o [1]
  .rodata            const    0x0801d1a8    0x184  Graphics.o [1]
  .rodata            const    0x0801d32c    0x184  Graphics.o [1]
  .rodata            const    0x0801d4b0    0x184  Graphics.o [1]
  .rodata            const    0x0801d634    0x184  Graphics.o [1]
  .rodata            const    0x0801d7b8    0x184  Graphics.o [1]
  .rodata            const    0x0801d93c    0x184  Graphics.o [1]
  .rodata            const    0x0801dac0    0x184  Graphics.o [1]
  .rodata            const    0x0801dc44    0x184  Graphics.o [1]
  .rodata            const    0x0801ddc8    0x184  Graphics.o [1]
  .rodata            const    0x0801df4c    0x184  Graphics.o [1]
  .rodata            const    0x0801e0d0    0x184  Graphics.o [1]
  .rodata            const    0x0801e254    0x184  Graphics.o [1]
  .rodata            const    0x0801e3d8    0x184  Graphics.o [1]
  .rodata            const    0x0801e55c    0x184  Graphics.o [1]
  .rodata            const    0x0801e6e0    0x184  Graphics.o [1]
  .rodata            const    0x0801e864    0x184  Graphics.o [1]
  .rodata            const    0x0801e9e8    0x184  Graphics.o [1]
  .rodata            const    0x0801eb6c    0x184  Graphics.o [1]
  .rodata            const    0x0801ecf0    0x184  Graphics.o [1]
  .rodata            const    0x0801ee74    0x184  Graphics.o [1]
  .rodata            const    0x0801eff8    0x184  Graphics.o [1]
  .rodata            const    0x0801f17c    0x184  Graphics.o [1]
  .rodata            const    0x0801f300    0x184  Graphics.o [1]
  .rodata            const    0x0801f484    0x184  Graphics.o [1]
  .rodata            const    0x0801f608    0x184  Graphics.o [1]
  .rodata            const    0x0801f78c    0x184  Graphics.o [1]
  .rodata            const    0x0801f910    0x184  Graphics.o [1]
  .rodata            const    0x0801fa94    0x184  Graphics.o [1]
  .rodata            const    0x0801fc18    0x184  Graphics.o [1]
  .rodata            const    0x0801fd9c    0x184  Graphics.o [1]
  .rodata            const    0x0801ff20    0x184  Graphics.o [1]
  .rodata            const    0x080200a4    0x184  Graphics.o [1]
  .rodata            const    0x08020228    0x180  Animations.o [1]
  .rodata            const    0x080203a8    0x180  Animations.o [1]
  .rodata            const    0x08020528    0x180  Animations.o [1]
  .rodata            const    0x080206a8    0x180  Animations.o [1]
  .rodata            const    0x08020828    0x180  Animations.o [1]
  .rodata            const    0x080209a8    0x180  Animations.o [1]
  .rodata            const    0x08020b28    0x180  Animations.o [1]
  .rodata            const    0x08020ca8    0x180  Animations.o [1]
  .rodata            const    0x08020e28    0x180  Animations.o [1]
  .rodata            const    0x08020fa8    0x180  Animations.o [1]
  .rodata            const    0x08021128    0x180  Animations.o [1]
  .rodata            const    0x080212a8    0x180  Animations.o [1]
  .rodata            const    0x08021428    0x180  Animations.o [1]
  .rodata            const    0x080215a8    0x180  Animations.o [1]
  .rodata            const    0x08021728    0x160  Animations.o [1]
  .rodata            const    0x08021888    0x160  Animations.o [1]
  .rodata            const    0x080219e8    0x160  Animations.o [1]
  .rodata            const    0x08021b48    0x160  Animations.o [1]
  .text              ro code  0x08021ca8    0x158  system_stm32f10x.o [1]
  .rodata            const    0x08021e00    0x150  Animations.o [1]
  .rodata            const    0x08021f50    0x150  Animations.o [1]
  .rodata            const    0x080220a0    0x150  Animations.o [1]
  .rodata            const    0x080221f0    0x150  Animations.o [1]
  .rodata            const    0x08022340    0x150  Animations.o [1]
  .rodata            const    0x08022490    0x150  Animations.o [1]
  .rodata            const    0x080225e0    0x150  Animations.o [1]
  .rodata            const    0x08022730    0x150  Animations.o [1]
  .rodata            const    0x08022880    0x150  Animations.o [1]
  .rodata            const    0x080229d0    0x150  Animations.o [1]
  .rodata            const    0x08022b20    0x150  Animations.o [1]
  .rodata            const    0x08022c70    0x150  Animations.o [1]
  .rodata            const    0x08022dc0    0x150  Animations.o [1]
  .rodata            const    0x08022f10    0x150  Animations.o [1]
  .rodata            const    0x08023060    0x120  Animations.o [1]
  .rodata            const    0x08023180    0x120  Animations.o [1]
  .rodata            const    0x080232a0    0x120  Animations.o [1]
  .rodata            const    0x080233c0    0x120  Animations.o [1]
  .rodata            const    0x080234e0    0x108  Animations.o [1]
  .rodata            const    0x080235e8    0x108  Animations.o [1]
  .rodata            const    0x080236f0    0x108  Animations.o [1]
  .rodata            const    0x080237f8    0x108  Animations.o [1]
  .rodata            const    0x08023900    0x100  Animations.o [1]
  .rodata            const    0x08023a00    0x100  Animations.o [1]
  .rodata            const    0x08023b00    0x100  Animations.o [1]
  .rodata            const    0x08023c00     0xf0  Animations.o [1]
  .rodata            const    0x08023cf0     0xf0  Animations.o [1]
  .rodata            const    0x08023de0     0xe0  Animations.o [1]
  .rodata            const    0x08023ec0     0xe0  Animations.o [1]
  .rodata            const    0x08023fa0     0xe0  Animations.o [1]
  .rodata            const    0x08024080     0xe0  Animations.o [1]
  .rodata            const    0x08024160     0xe0  Animations.o [1]
  .rodata            const    0x08024240     0xe0  Animations.o [1]
  .rodata            const    0x08024320     0xd8  FooterTiles.o [1]
  .text              ro code  0x080243f8     0xd8  SndDriver.o [1]
  .rodata            const    0x080244d0     0xd4  Animations.o [1]
  .rodata            const    0x080245a4     0xd0  Animations.o [1]
  .rodata            const    0x08024674     0xc0  Animations.o [1]
  .rodata            const    0x08024734     0xc0  Animations.o [1]
  .rodata            const    0x080247f4     0xc0  Animations.o [1]
  .rodata            const    0x080248b4     0xc0  Animations.o [1]
  .rodata            const    0x08024974     0xc0  Animations.o [1]
  .rodata            const    0x08024a34     0xc0  Animations.o [1]
  .rodata            const    0x08024af4     0xa8  Animations.o [1]
  .rodata            const    0x08024b9c     0xa8  Animations.o [1]
  .rodata            const    0x08024c44     0xa8  Animations.o [1]
  .rodata            const    0x08024cec     0xa8  Animations.o [1]
  .rodata            const    0x08024d94     0xa8  Animations.o [1]
  .rodata            const    0x08024e3c     0xa8  Animations.o [1]
  .rodata            const    0x08024ee4     0xa8  Animations.o [1]
  .rodata            const    0x08024f8c     0xa8  Animations.o [1]
  .rodata            const    0x08025034     0x9c  Graphics.o [1]
  .rodata            const    0x080250d0     0x90  Animations.o [1]
  .rodata            const    0x08025160     0x90  Animations.o [1]
  .rodata            const    0x080251f0     0x90  Animations.o [1]
  .rodata            const    0x08025280     0x90  Animations.o [1]
  .rodata            const    0x08025310     0x90  Animations.o [1]
  .rodata            const    0x080253a0     0x80  Animations.o [1]
  .rodata            const    0x08025420     0x80  Animations.o [1]
  .rodata            const    0x080254a0     0x78  Animations.o [1]
  .rodata            const    0x08025518     0x78  Animations.o [1]
  .rodata            const    0x08025590     0x78  Animations.o [1]
  .rodata            const    0x08025608     0x78  Animations.o [1]
  .rodata            const    0x08025680     0x78  Animations.o [1]
  .rodata            const    0x080256f8     0x78  Animations.o [1]
  .rodata            const    0x08025770     0x78  Animations.o [1]
  .text              ro code  0x080257e8     0x78  lz77_init_single.o [4]
  .rodata            const    0x08025860     0x70  Animations.o [1]
  .rodata            const    0x080258d0     0x70  Animations.o [1]
  .rodata            const    0x08025940     0x70  Animations.o [1]
  .rodata            const    0x080259b0     0x70  Animations.o [1]
  .rodata            const    0x08025a20     0x70  Animations.o [1]
  .rodata            const    0x08025a90     0x64  Graphics.o [1]
  .rodata            const    0x08025af4     0x60  Animations.o [1]
  .rodata            const    0x08025b54     0x60  Animations.o [1]
  .rodata            const    0x08025bb4     0x48  Animations.o [1]
  .rodata            const    0x08025bfc     0x48  Animations.o [1]
  .rodata            const    0x08025c44     0x48  Animations.o [1]
  .rodata            const    0x08025c8c     0x40  Animations.o [1]
  .rodata            const    0x08025ccc     0x40  Animations.o [1]
  .rodata            const    0x08025d0c     0x40  Animations.o [1]
  .rodata            const    0x08025d4c     0x40  Animations.o [1]
  .rodata            const    0x08025d8c     0x40  Animations.o [1]
  .rodata            const    0x08025dcc     0x40  Animations.o [1]
  .rodata            const    0x08025e0c     0x40  Animations.o [1]
  .rodata            const    0x08025e4c     0x40  Animations.o [1]
  .rodata            const    0x08025e8c     0x40  Animations.o [1]
  .rodata            const    0x08025ecc     0x40  Animations.o [1]
  .rodata            const    0x08025f0c     0x40  Animations.o [1]
  .rodata            const    0x08025f4c     0x40  Animations.o [1]
  .rodata            const    0x08025f8c     0x40  Animations.o [1]
  .rodata            const    0x08025fcc     0x40  Animations.o [1]
  .rodata            const    0x0802600c     0x40  Animations.o [1]
  .rodata            const    0x0802604c     0x40  Animations.o [1]
  .rodata            const    0x0802608c     0x40  Animations.o [1]
  .text              ro code  0x080260cc     0x40  zero_init3.o [4]
  .rodata            const    0x0802610c     0x3c  Graphics.o [1]
  .rodata            const    0x08026148     0x38  Animations.o [1]
  .rodata            const    0x08026180     0x38  Animations.o [1]
  .rodata            const    0x080261b8     0x38  Animations.o [1]
  .rodata            const    0x080261f0     0x38  Animations.o [1]
  .rodata            const    0x08026228     0x38  Animations.o [1]
  .rodata            const    0x08026260     0x38  Animations.o [1]
  .rodata            const    0x08026298     0x34  Graphics.o [1]
  .rodata            const    0x080262cc     0x30  Animations.o [1]
  .rodata            const    0x080262fc     0x30  Animations.o [1]
  .rodata            const    0x0802632c     0x30  Animations.o [1]
  .rodata            const    0x0802635c     0x2c  Graphics.o [1]
  .rodata            const    0x08026388     0x28  Animations.o [1]
  .rodata            const    0x080263b0     0x28  Animations.o [1]
  .rodata            const    0x080263d8     0x28  Graphics.o [1]
  .rodata            const    0x08026400     0x28  Graphics.o [1]
  .rodata            const    0x08026428     0x28  Graphics.o [1]
  .rodata            const    0x08026450     0x28  Graphics.o [1]
  .rodata            const    0x08026478     0x28  StandbyScript.o [1]
  .text              ro code  0x080264a0     0x28  data_init.o [4]
  .rodata            const    0x080264c8     0x24  Graphics.o [1]
  .rodata            const    0x080264ec     0x24  Graphics.o [1]
  .rodata            const    0x08026510     0x24  Graphics.o [1]
  .rodata            const    0x08026534     0x24  Graphics.o [1]
  .iar.init_table    const    0x08026558     0x20  - Linker created -
  .rodata            const    0x08026578     0x20  Graphics.o [1]
  .rodata            const    0x08026598     0x20  Graphics.o [1]
  .rodata            const    0x080265b8     0x20  Graphics.o [1]
  .rodata            const    0x080265d8     0x20  Graphics.o [1]
  .rodata            const    0x080265f8     0x20  Graphics.o [1]
  .rodata            const    0x08026618     0x20  Graphics.o [1]
  .rodata            const    0x08026638     0x20  Graphics.o [1]
  .rodata            const    0x08026658     0x20  Graphics.o [1]
  .rodata            const    0x08026678     0x20  Graphics.o [1]
  .rodata            const    0x08026698     0x1c  Graphics.o [1]
  .rodata            const    0x080266b4     0x1c  Graphics.o [1]
  .rodata            const    0x080266d0     0x1c  Graphics.o [1]
  .rodata            const    0x080266ec     0x1c  Graphics.o [1]
  .rodata            const    0x08026708     0x1c  Graphics.o [1]
  .rodata            const    0x08026724     0x1c  Graphics.o [1]
  .rodata            const    0x08026740     0x1c  Graphics.o [1]
  .rodata            const    0x0802675c     0x1c  Graphics.o [1]
  .rodata            const    0x08026778     0x1c  Graphics.o [1]
  .rodata            const    0x08026794     0x1c  Graphics.o [1]
  .rodata            const    0x080267b0     0x1c  Graphics.o [1]
  .rodata            const    0x080267cc     0x1c  Graphics.o [1]
  .rodata            const    0x080267e8     0x1c  Graphics.o [1]
  .rodata            const    0x08026804     0x1c  Graphics.o [1]
  .rodata            const    0x08026820     0x1c  Graphics.o [1]
  .text              ro code  0x0802683c     0x1a  cmain.o [4]
  .text              ro code  0x08026856      0x4  low_level_init.o [3]
  .text              ro code  0x0802685a     0x18  main.o [1]
  .text              ro code  0x08026872      0x4  exit.o [3]
  .text              ro code  0x08026878      0xa  cexit.o [4]
  .text              ro code  0x08026884      0xc  XXexit.o [4]
  .rodata            const    0x08026890     0x18  Animations.o [1]
  .rodata            const    0x080268a8     0x18  Animations.o [1]
  .rodata            const    0x080268c0     0x18  Animations.o [1]
  .rodata            const    0x080268d8     0x18  Animations.o [1]
  .rodata            const    0x080268f0     0x18  Graphics.o [1]
  .rodata            const    0x08026908     0x18  Graphics.o [1]
  .rodata            const    0x08026920     0x14  Graphics.o [1]
  .rodata            const    0x08026934     0x14  Graphics.o [1]
  .rodata            const    0x08026948     0x14  Graphics.o [1]
  .rodata            const    0x0802695c     0x14  Graphics.o [1]
  .rodata            const    0x08026970     0x14  Graphics.o [1]
  .rodata            const    0x08026984     0x14  Graphics.o [1]
  .rodata            const    0x08026998     0x14  Graphics.o [1]
  .rodata            const    0x080269ac     0x14  Graphics.o [1]
  .rodata            const    0x080269c0     0x14  Graphics.o [1]
  .rodata            const    0x080269d4     0x14  Graphics.o [1]
  .rodata            const    0x080269e8     0x14  Graphics.o [1]
  .rodata            const    0x080269fc     0x14  Graphics.o [1]
  .rodata            const    0x08026a10     0x14  Graphics.o [1]
  .rodata            const    0x08026a24     0x14  Graphics.o [1]
  .rodata            const    0x08026a38     0x14  Graphics.o [1]
  .rodata            const    0x08026a4c     0x14  Graphics.o [1]
  .rodata            const    0x08026a60     0x14  Graphics.o [1]
  .rodata            const    0x08026a74     0x14  Graphics.o [1]
  .rodata            const    0x08026a88     0x14  Graphics.o [1]
  .rodata            const    0x08026a9c     0x14  Graphics.o [1]
  .rodata            const    0x08026ab0     0x14  Graphics.o [1]
  .rodata            const    0x08026ac4     0x14  Graphics.o [1]
  .rodata            const    0x08026ad8     0x14  Graphics.o [1]
  .rodata            const    0x08026aec     0x14  Graphics.o [1]
  .rodata            const    0x08026b00     0x14  Graphics.o [1]
  .rodata            const    0x08026b14     0x14  Graphics.o [1]
  .rodata            const    0x08026b28     0x14  Graphics.o [1]
  .rodata            const    0x08026b3c     0x14  Graphics.o [1]
  .rodata            const    0x08026b50     0x10  Graphics.o [1]
  .rodata            const    0x08026b60     0x10  Graphics.o [1]
  .rodata            const    0x08026b70     0x10  Graphics.o [1]
  .rodata            const    0x08026b80     0x10  Graphics.o [1]
  .rodata            const    0x08026b90     0x10  Graphics.o [1]
  .rodata            const    0x08026ba0     0x10  Graphics.o [1]
  .rodata            const    0x08026bb0     0x10  Graphics.o [1]
  .rodata            const    0x08026bc0     0x10  Graphics.o [1]
  .rodata            const    0x08026bd0     0x10  Graphics.o [1]
  .rodata            const    0x08026be0     0x10  Locations.o [1]
  .rodata            const    0x08026bf0     0x10  Locations.o [1]
  .rodata            const    0x08026c00     0x10  Locations.o [1]
  .rodata            const    0x08026c10     0x10  Locations.o [1]
  .rodata            const    0x08026c20     0x10  Locations.o [1]
  .rodata            const    0x08026c30     0x10  Locations.o [1]
  .rodata            const    0x08026c40     0x10  Locations.o [1]
  .rodata            const    0x08026c50     0x10  Locations.o [1]
  .rodata            const    0x08026c60     0x10  Locations.o [1]
  .rodata            const    0x08026c70     0x10  Locations.o [1]
  .rodata            const    0x08026c80     0x10  Locations.o [1]
  .rodata            const    0x08026c90     0x10  Locations.o [1]
  .rodata            const    0x08026ca0     0x10  Locations.o [1]
  .rodata            const    0x08026cb0     0x10  Locations.o [1]
  .rodata            const    0x08026cc0     0x10  Locations.o [1]
  .rodata            const    0x08026cd0     0x10  Locations.o [1]
  .rodata            const    0x08026ce0     0x10  Locations.o [1]
  .rodata            const    0x08026cf0     0x10  Locations.o [1]
  .rodata            const    0x08026d00     0x10  Locations.o [1]
  .rodata            const    0x08026d10     0x10  Locations.o [1]
  .rodata            const    0x08026d20     0x10  Locations.o [1]
  .rodata            const    0x08026d30     0x10  Locations.o [1]
  .rodata            const    0x08026d40     0x10  Locations.o [1]
  .rodata            const    0x08026d50     0x10  Locations.o [1]
  .rodata            const    0x08026d60     0x10  Locations.o [1]
  .rodata            const    0x08026d70     0x10  Locations.o [1]
  .rodata            const    0x08026d80     0x10  Locations.o [1]
  .rodata            const    0x08026d90     0x10  Locations.o [1]
  .rodata            const    0x08026da0     0x10  Locations.o [1]
  .rodata            const    0x08026db0     0x10  Locations.o [1]
  .rodata            const    0x08026dc0     0x10  Locations.o [1]
  .rodata            const    0x08026dd0     0x10  Locations.o [1]
  .rodata            const    0x08026de0     0x10  Locations.o [1]
  .rodata            const    0x08026df0     0x10  Locations.o [1]
  .rodata            const    0x08026e00     0x10  Locations.o [1]
  .rodata            const    0x08026e10     0x10  Locations.o [1]
  .rodata            const    0x08026e20     0x10  Locations.o [1]
  .rodata            const    0x08026e30     0x10  Locations.o [1]
  .rodata            const    0x08026e40     0x10  Locations.o [1]
  .rodata            const    0x08026e50     0x10  Locations.o [1]
  .rodata            const    0x08026e60     0x10  Locations.o [1]
  .rodata            const    0x08026e70     0x10  Locations.o [1]
  .rodata            const    0x08026e80     0x10  Locations.o [1]
  .rodata            const    0x08026e90     0x10  Locations.o [1]
  .rodata            const    0x08026ea0     0x10  Locations.o [1]
  .rodata            const    0x08026eb0     0x10  Locations.o [1]
  .rodata            const    0x08026ec0     0x10  Locations.o [1]
  .rodata            const    0x08026ed0     0x10  Locations.o [1]
  .rodata            const    0x08026ee0     0x10  Locations.o [1]
  .rodata            const    0x08026ef0     0x10  Locations.o [1]
  .rodata            const    0x08026f00     0x10  Locations.o [1]
  .rodata            const    0x08026f10     0x10  Locations.o [1]
  .rodata            const    0x08026f20     0x10  Locations.o [1]
  .rodata            const    0x08026f30     0x10  Locations.o [1]
  .rodata            const    0x08026f40     0x10  Locations.o [1]
  .rodata            const    0x08026f50     0x10  Locations.o [1]
  .rodata            const    0x08026f60     0x10  Locations.o [1]
  .rodata            const    0x08026f70     0x10  Locations.o [1]
  .rodata            const    0x08026f80     0x10  Locations.o [1]
  .rodata            const    0x08026f90     0x10  Locations.o [1]
  .rodata            const    0x08026fa0     0x10  Locations.o [1]
  .rodata            const    0x08026fb0     0x10  Locations.o [1]
  .rodata            const    0x08026fc0     0x10  Locations.o [1]
  .rodata            const    0x08026fd0     0x10  Locations.o [1]
  .rodata            const    0x08026fe0     0x10  Locations.o [1]
  .rodata            const    0x08026ff0     0x10  Locations.o [1]
  .rodata            const    0x08027000     0x10  Locations.o [1]
  .rodata            const    0x08027010     0x10  Locations.o [1]
  .text              ro code  0x08027020     0x10  startup_stm32f10x_hd.o [1]
  .rodata            const    0x08027030      0xc  Animations.o [1]
  .rodata            const    0x0802703c      0xc  Animations.o [1]
  .rodata            const    0x08027048      0xc  Animations.o [1]
  .rodata            const    0x08027054      0xc  Animations.o [1]
  .rodata            const    0x08027060      0xc  Animations.o [1]
  .rodata            const    0x0802706c      0xc  Animations.o [1]
  .rodata            const    0x08027078      0xc  Animations.o [1]
  .rodata            const    0x08027084      0xc  Animations.o [1]
  .rodata            const    0x08027090      0xc  Animations.o [1]
  .rodata            const    0x0802709c      0xc  Animations.o [1]
  .rodata            const    0x080270a8      0xc  Animations.o [1]
  .rodata            const    0x080270b4      0xc  Animations.o [1]
  .rodata            const    0x080270c0      0xc  Animations.o [1]
  .rodata            const    0x080270cc      0xc  Animations.o [1]
  .rodata            const    0x080270d8      0xc  Animations.o [1]
  .rodata            const    0x080270e4      0xc  Animations.o [1]
  .rodata            const    0x080270f0      0xc  Animations.o [1]
  .rodata            const    0x080270fc      0xc  Animations.o [1]
  .rodata            const    0x08027108      0xc  Animations.o [1]
  .rodata            const    0x08027114      0xc  Animations.o [1]
  .rodata            const    0x08027120      0xc  Animations.o [1]
  .rodata            const    0x0802712c      0xc  Animations.o [1]
  .rodata            const    0x08027138      0xc  Animations.o [1]
  .rodata            const    0x08027144      0xc  Animations.o [1]
  .rodata            const    0x08027150      0xc  Animations.o [1]
  .rodata            const    0x0802715c      0xc  Animations.o [1]
  .rodata            const    0x08027168      0xc  Animations.o [1]
  .rodata            const    0x08027174      0xc  Animations.o [1]
  .rodata            const    0x08027180      0xc  Animations.o [1]
  .rodata            const    0x0802718c      0xc  Animations.o [1]
  .rodata            const    0x08027198      0xc  Animations.o [1]
  .rodata            const    0x080271a4      0xc  Animations.o [1]
  .rodata            const    0x080271b0      0xc  Animations.o [1]
  .rodata            const    0x080271bc      0xc  Animations.o [1]
  .rodata            const    0x080271c8      0xc  Animations.o [1]
  .rodata            const    0x080271d4      0xc  Animations.o [1]
  .rodata            const    0x080271e0      0xc  Animations.o [1]
  .rodata            const    0x080271ec      0xc  Animations.o [1]
  .rodata            const    0x080271f8      0xc  Animations.o [1]
  .rodata            const    0x08027204      0xc  Animations.o [1]
  .rodata            const    0x08027210      0xc  Animations.o [1]
  .rodata            const    0x0802721c      0xc  Animations.o [1]
  .rodata            const    0x08027228      0xc  Animations.o [1]
  .rodata            const    0x08027234      0xc  Animations.o [1]
  .rodata            const    0x08027240      0xc  Animations.o [1]
  .rodata            const    0x0802724c      0xc  Animations.o [1]
  .rodata            const    0x08027258      0xc  Animations.o [1]
  .rodata            const    0x08027264      0xc  Animations.o [1]
  .rodata            const    0x08027270      0xc  Animations.o [1]
  .rodata            const    0x0802727c      0xc  Animations.o [1]
  .rodata            const    0x08027288      0xc  Animations.o [1]
  .rodata            const    0x08027294      0xc  Animations.o [1]
  .rodata            const    0x080272a0      0xc  Animations.o [1]
  .rodata            const    0x080272ac      0xc  Animations.o [1]
  .rodata            const    0x080272b8      0xc  Animations.o [1]
  .rodata            const    0x080272c4      0xc  Animations.o [1]
  .rodata            const    0x080272d0      0xc  Animations.o [1]
  .rodata            const    0x080272dc      0xc  Animations.o [1]
  .rodata            const    0x080272e8      0xc  Animations.o [1]
  .rodata            const    0x080272f4      0xc  Animations.o [1]
  .rodata            const    0x08027300      0xc  Animations.o [1]
  .rodata            const    0x0802730c      0xc  Animations.o [1]
  .rodata            const    0x08027318      0xc  Animations.o [1]
  .rodata            const    0x08027324      0xc  Animations.o [1]
  .rodata            const    0x08027330      0xc  Animations.o [1]
  .rodata            const    0x0802733c      0xc  Animations.o [1]
  .rodata            const    0x08027348      0xc  Animations.o [1]
  .rodata            const    0x08027354      0xc  Animations.o [1]
  .rodata            const    0x08027360      0xc  Animations.o [1]
  .rodata            const    0x0802736c      0xc  Animations.o [1]
  .rodata            const    0x08027378      0xc  Animations.o [1]
  .rodata            const    0x08027384      0xc  Animations.o [1]
  .rodata            const    0x08027390      0xc  Animations.o [1]
  .rodata            const    0x0802739c      0xc  Animations.o [1]
  .rodata            const    0x080273a8      0xc  Animations.o [1]
  .rodata            const    0x080273b4      0xc  Animations.o [1]
  .rodata            const    0x080273c0      0xc  Animations.o [1]
  .rodata            const    0x080273cc      0xc  Animations.o [1]
  .rodata            const    0x080273d8      0xc  Animations.o [1]
  .rodata            const    0x080273e4      0xc  Animations.o [1]
  .rodata            const    0x080273f0      0xc  Animations.o [1]
  .rodata            const    0x080273fc      0xc  Animations.o [1]
  .rodata            const    0x08027408      0xc  Animations.o [1]
  .rodata            const    0x08027414      0xc  Animations.o [1]
  .rodata            const    0x08027420      0xc  Animations.o [1]
  .rodata            const    0x0802742c      0xc  Animations.o [1]
  .rodata            const    0x08027438      0xc  Animations.o [1]
  .rodata            const    0x08027444      0xc  Animations.o [1]
  .rodata            const    0x08027450      0xc  Animations.o [1]
  .rodata            const    0x0802745c      0xc  Animations.o [1]
  .rodata            const    0x08027468      0xc  Animations.o [1]
  .rodata            const    0x08027474      0xc  Animations.o [1]
  .rodata            const    0x08027480      0xc  Animations.o [1]
  .rodata            const    0x0802748c      0xc  Animations.o [1]
  .rodata            const    0x08027498      0xc  Animations.o [1]
  .rodata            const    0x080274a4      0xc  Animations.o [1]
  .rodata            const    0x080274b0      0xc  Animations.o [1]
  .rodata            const    0x080274bc      0xc  Animations.o [1]
  .rodata            const    0x080274c8      0xc  Animations.o [1]
  .rodata            const    0x080274d4      0xc  Animations.o [1]
  .rodata            const    0x080274e0      0xc  Animations.o [1]
  .rodata            const    0x080274ec      0xc  Animations.o [1]
  .rodata            const    0x080274f8      0xc  Animations.o [1]
  .rodata            const    0x08027504      0xc  Animations.o [1]
  .rodata            const    0x08027510      0xc  Animations.o [1]
  .rodata            const    0x0802751c      0xc  Animations.o [1]
  .rodata            const    0x08027528      0xc  Animations.o [1]
  .rodata            const    0x08027534      0xc  Animations.o [1]
  .rodata            const    0x08027540      0xc  Animations.o [1]
  .rodata            const    0x0802754c      0xc  Animations.o [1]
  .rodata            const    0x08027558      0xc  Animations.o [1]
  .rodata            const    0x08027564      0xc  Animations.o [1]
  .rodata            const    0x08027570      0xc  Animations.o [1]
  .rodata            const    0x0802757c      0xc  Animations.o [1]
  .rodata            const    0x08027588      0xc  Animations.o [1]
  .rodata            const    0x08027594      0xc  Animations.o [1]
  .rodata            const    0x080275a0      0xc  Animations.o [1]
  .rodata            const    0x080275ac      0xc  Animations.o [1]
  .rodata            const    0x080275b8      0xc  Animations.o [1]
  .rodata            const    0x080275c4      0xc  Animations.o [1]
  .rodata            const    0x080275d0      0xc  Animations.o [1]
  .rodata            const    0x080275dc      0xc  Animations.o [1]
  .rodata            const    0x080275e8      0xc  Animations.o [1]
  .rodata            const    0x080275f4      0xc  Animations.o [1]
  .rodata            const    0x08027600      0xc  Animations.o [1]
  .rodata            const    0x0802760c      0xc  Animations.o [1]
  .rodata            const    0x08027618      0xc  Animations.o [1]
  .rodata            const    0x08027624      0xc  Animations.o [1]
  .rodata            const    0x08027630      0xc  Animations.o [1]
  .rodata            const    0x0802763c      0xc  Animations.o [1]
  .rodata            const    0x08027648      0xc  Animations.o [1]
  .rodata            const    0x08027654      0xc  Animations.o [1]
  .rodata            const    0x08027660      0xc  Animations.o [1]
  .rodata            const    0x0802766c      0xc  Animations.o [1]
  .rodata            const    0x08027678      0xc  Animations.o [1]
  .rodata            const    0x08027684      0xc  Animations.o [1]
  .rodata            const    0x08027690      0xc  Animations.o [1]
  .rodata            const    0x0802769c      0xc  Animations.o [1]
  .rodata            const    0x080276a8      0xc  Animations.o [1]
  .rodata            const    0x080276b4      0xc  Animations.o [1]
  .rodata            const    0x080276c0      0xc  Animations.o [1]
  .rodata            const    0x080276cc      0xc  Animations.o [1]
  .rodata            const    0x080276d8      0xc  Animations.o [1]
  .rodata            const    0x080276e4      0xc  Animations.o [1]
  .rodata            const    0x080276f0      0xc  Animations.o [1]
  .rodata            const    0x080276fc      0xc  Animations.o [1]
  .rodata            const    0x08027708      0xc  Animations.o [1]
  .rodata            const    0x08027714      0xc  Animations.o [1]
  .rodata            const    0x08027720      0xc  Animations.o [1]
  .rodata            const    0x0802772c      0xc  Animations.o [1]
  .rodata            const    0x08027738      0xc  Animations.o [1]
  .rodata            const    0x08027744      0xc  Animations.o [1]
  .rodata            const    0x08027750      0xc  Animations.o [1]
  .rodata            const    0x0802775c      0xc  Animations.o [1]
  .rodata            const    0x08027768      0xc  Animations.o [1]
  .rodata            const    0x08027774      0xc  Animations.o [1]
  .rodata            const    0x08027780      0xc  Animations.o [1]
  .rodata            const    0x0802778c      0xc  Animations.o [1]
  .rodata            const    0x08027798      0xc  Animations.o [1]
  .rodata            const    0x080277a4      0xc  Animations.o [1]
  .rodata            const    0x080277b0      0xc  Animations.o [1]
  .rodata            const    0x080277bc      0xc  Animations.o [1]
  .rodata            const    0x080277c8      0xc  Animations.o [1]
  .rodata            const    0x080277d4      0xc  Animations.o [1]
  .rodata            const    0x080277e0      0xc  Animations.o [1]
  .rodata            const    0x080277ec      0xc  Animations.o [1]
  .rodata            const    0x080277f8      0xc  Animations.o [1]
  .rodata            const    0x08027804      0xc  Animations.o [1]
  .rodata            const    0x08027810      0xc  Animations.o [1]
  .rodata            const    0x0802781c      0xc  Animations.o [1]
  .rodata            const    0x08027828      0xc  Animations.o [1]
  .rodata            const    0x08027834      0xc  Animations.o [1]
  .rodata            const    0x08027840      0xc  Animations.o [1]
  .rodata            const    0x0802784c      0xc  Animations.o [1]
  .rodata            const    0x08027858      0xc  Animations.o [1]
  .rodata            const    0x08027864      0xc  Animations.o [1]
  .rodata            const    0x08027870      0xc  Animations.o [1]
  .rodata            const    0x0802787c      0xc  Animations.o [1]
  .rodata            const    0x08027888      0xc  Animations.o [1]
  .rodata            const    0x08027894      0xc  Animations.o [1]
  .rodata            const    0x080278a0      0xc  Animations.o [1]
  .rodata            const    0x080278ac      0xc  Animations.o [1]
  .rodata            const    0x080278b8      0xc  Animations.o [1]
  .rodata            const    0x080278c4      0xc  Animations.o [1]
  .rodata            const    0x080278d0      0xc  Animations.o [1]
  .rodata            const    0x080278dc      0xc  Animations.o [1]
  .rodata            const    0x080278e8      0xc  Animations.o [1]
  .rodata            const    0x080278f4      0xc  Animations.o [1]
  .rodata            const    0x08027900      0xc  Animations.o [1]
  .rodata            const    0x0802790c      0xc  Animations.o [1]
  .rodata            const    0x08027918      0xc  Animations.o [1]
  .rodata            const    0x08027924      0xc  Animations.o [1]
  .rodata            const    0x08027930      0xc  Animations.o [1]
  .rodata            const    0x0802793c      0xc  Animations.o [1]
  .rodata            const    0x08027948      0xc  Animations.o [1]
  .rodata            const    0x08027954      0xc  Animations.o [1]
  .rodata            const    0x08027960      0xc  Animations.o [1]
  .rodata            const    0x0802796c      0xc  Animations.o [1]
  .rodata            const    0x08027978      0xc  Animations.o [1]
  .rodata            const    0x08027984      0xc  Animations.o [1]
  .rodata            const    0x08027990      0xc  Animations.o [1]
  .rodata            const    0x0802799c      0xc  Animations.o [1]
  .rodata            const    0x080279a8      0xc  Animations.o [1]
  .rodata            const    0x080279b4      0xc  Animations.o [1]
  .rodata            const    0x080279c0      0xc  Animations.o [1]
  .rodata            const    0x080279cc      0xc  Animations.o [1]
  .rodata            const    0x080279d8      0xc  Animations.o [1]
  .rodata            const    0x080279e4      0xc  Animations.o [1]
  .rodata            const    0x080279f0      0xc  Animations.o [1]
  .rodata            const    0x080279fc      0xc  Animations.o [1]
  .rodata            const    0x08027a08      0xc  Animations.o [1]
  .rodata            const    0x08027a14      0xc  Animations.o [1]
  .rodata            const    0x08027a20      0xc  Animations.o [1]
  .rodata            const    0x08027a2c      0xc  Animations.o [1]
  .rodata            const    0x08027a38      0xc  Animations.o [1]
  .rodata            const    0x08027a44      0xc  Animations.o [1]
  .rodata            const    0x08027a50      0xc  Animations.o [1]
  .rodata            const    0x08027a5c      0xc  Animations.o [1]
  .rodata            const    0x08027a68      0xc  Animations.o [1]
  .rodata            const    0x08027a74      0xc  Animations.o [1]
  .rodata            const    0x08027a80      0xc  Animations.o [1]
  .rodata            const    0x08027a8c      0xc  Animations.o [1]
  .rodata            const    0x08027a98      0xc  Animations.o [1]
  .rodata            const    0x08027aa4      0xc  Animations.o [1]
  .rodata            const    0x08027ab0      0xc  Animations.o [1]
  .rodata            const    0x08027abc      0xc  Animations.o [1]
  .rodata            const    0x08027ac8      0xc  Animations.o [1]
  .rodata            const    0x08027ad4      0xc  Animations.o [1]
  .rodata            const    0x08027ae0      0xc  Animations.o [1]
  .rodata            const    0x08027aec      0xc  Animations.o [1]
  .rodata            const    0x08027af8      0xc  Animations.o [1]
  .rodata            const    0x08027b04      0xc  Animations.o [1]
  .rodata            const    0x08027b10      0xc  Animations.o [1]
  .rodata            const    0x08027b1c      0xc  Animations.o [1]
  .rodata            const    0x08027b28      0xc  Game.o [1]
  .rodata            const    0x08027b34      0xc  Graphics.o [1]
  .rodata            const    0x08027b40      0xc  Graphics.o [1]
  .rodata            const    0x08027b4c      0xc  Graphics.o [1]
  .rodata            const    0x08027b58      0xc  Graphics.o [1]
  .rodata            const    0x08027b64      0xc  Graphics.o [1]
  .rodata            const    0x08027b70      0xc  Graphics.o [1]
  .rodata            const    0x08027b7c      0xc  Graphics.o [1]
  .rodata            const    0x08027b88      0xc  Graphics.o [1]
  .rodata            const    0x08027b94      0xc  Graphics.o [1]
  .rodata            const    0x08027ba0      0xc  Graphics.o [1]
  .rodata            const    0x08027bac      0xc  Graphics.o [1]
  .rodata            const    0x08027bb8      0xc  Graphics.o [1]
  .rodata            const    0x08027bc4      0xc  Graphics.o [1]
  .rodata            const    0x08027bd0      0xc  Graphics.o [1]
  .rodata            const    0x08027bdc      0xc  Graphics.o [1]
  .rodata            const    0x08027be8      0xc  Graphics.o [1]
  .rodata            const    0x08027bf4      0xc  Graphics.o [1]
  .rodata            const    0x08027c00      0xc  Graphics.o [1]
  .rodata            const    0x08027c0c      0xc  Graphics.o [1]
  .rodata            const    0x08027c18      0xc  Graphics.o [1]
  .rodata            const    0x08027c24      0xc  Graphics.o [1]
  .rodata            const    0x08027c30      0xc  Graphics.o [1]
  .rodata            const    0x08027c3c      0xc  Graphics.o [1]
  .rodata            const    0x08027c48      0xc  Graphics.o [1]
  .rodata            const    0x08027c54      0xc  Graphics.o [1]
  .rodata            const    0x08027c60      0xc  Graphics.o [1]
  .rodata            const    0x08027c6c      0xc  Graphics.o [1]
  .rodata            const    0x08027c78      0xc  Graphics.o [1]
  .rodata            const    0x08027c84      0xc  Graphics.o [1]
  .rodata            const    0x08027c90      0xc  Graphics.o [1]
  .rodata            const    0x08027c9c      0xc  Graphics.o [1]
  .rodata            const    0x08027ca8      0xc  Graphics.o [1]
  .rodata            const    0x08027cb4      0xc  Graphics.o [1]
  .rodata            const    0x08027cc0      0xc  Graphics.o [1]
  .rodata            const    0x08027ccc      0xc  Graphics.o [1]
  .rodata            const    0x08027cd8      0xc  Locations.o [1]
  .rodata            const    0x08027ce4      0xc  Locations.o [1]
  .rodata            const    0x08027cf0      0xc  Locations.o [1]
  .rodata            const    0x08027cfc      0xc  Locations.o [1]
  .rodata            const    0x08027d08      0xc  Locations.o [1]
  .rodata            const    0x08027d14      0xc  Locations.o [1]
  .rodata            const    0x08027d20      0xc  Locations.o [1]
  .rodata            const    0x08027d2c      0xc  Locations.o [1]
  .rodata            const    0x08027d38      0xc  Locations.o [1]
  .rodata            const    0x08027d44      0xc  Locations.o [1]
  .rodata            const    0x08027d50      0xc  Locations.o [1]
  .rodata            const    0x08027d5c      0xc  Locations.o [1]
  .rodata            const    0x08027d68      0xc  Locations.o [1]
  .rodata            const    0x08027d74      0xc  Locations.o [1]
  .rodata            const    0x08027d80      0xc  Locations.o [1]
  .rodata            const    0x08027d8c      0xc  Locations.o [1]
  .rodata            const    0x08027d98      0xc  Locations.o [1]
  .rodata            const    0x08027da4      0xc  Locations.o [1]
  .rodata            const    0x08027db0      0xc  Locations.o [1]
  .rodata            const    0x08027dbc      0xc  Locations.o [1]
  .rodata            const    0x08027dc8      0xc  Locations.o [1]
  .rodata            const    0x08027dd4      0xc  Locations.o [1]
  .rodata            const    0x08027de0      0xc  Locations.o [1]
  .rodata            const    0x08027dec      0xc  Locations.o [1]
  .rodata            const    0x08027df8      0xc  Locations.o [1]
  .rodata            const    0x08027e04      0xc  Locations.o [1]
  .rodata            const    0x08027e10      0xc  Locations.o [1]
  .rodata            const    0x08027e1c      0xc  Locations.o [1]
  .rodata            const    0x08027e28      0xc  Locations.o [1]
  .rodata            const    0x08027e34      0xc  Locations.o [1]
  .rodata            const    0x08027e40      0xc  Locations.o [1]
  .rodata            const    0x08027e4c      0xc  Locations.o [1]
  .rodata            const    0x08027e58      0xc  Locations.o [1]
  .rodata            const    0x08027e64      0xc  Locations.o [1]
  .rodata            const    0x08027e70      0xc  Locations.o [1]
  .rodata            const    0x08027e7c      0xc  Locations.o [1]
  .rodata            const    0x08027e88      0xc  Locations.o [1]
  .rodata            const    0x08027e94      0xc  Locations.o [1]
  .rodata            const    0x08027ea0      0xc  Locations.o [1]
  .rodata            const    0x08027eac      0xc  Locations.o [1]
  .rodata            const    0x08027eb8      0xc  Locations.o [1]
  .rodata            const    0x08027ec4      0xc  Locations.o [1]
  .rodata            const    0x08027ed0      0xc  Locations.o [1]
  .rodata            const    0x08027edc      0xc  Locations.o [1]
  .rodata            const    0x08027ee8      0xc  Locations.o [1]
  .rodata            const    0x08027ef4      0xc  Locations.o [1]
  .rodata            const    0x08027f00      0xc  Locations.o [1]
  .rodata            const    0x08027f0c      0xc  Locations.o [1]
  .rodata            const    0x08027f18      0xc  Locations.o [1]
  .rodata            const    0x08027f24      0xc  Locations.o [1]
  .rodata            const    0x08027f30      0xc  Locations.o [1]
  .rodata            const    0x08027f3c      0xc  Locations.o [1]
  .rodata            const    0x08027f48      0xc  Locations.o [1]
  .rodata            const    0x08027f54      0xc  Locations.o [1]
  .rodata            const    0x08027f60      0xc  Locations.o [1]
  .rodata            const    0x08027f6c      0xc  Locations.o [1]
  .rodata            const    0x08027f78      0xc  Locations.o [1]
  .rodata            const    0x08027f84      0xc  Locations.o [1]
  .rodata            const    0x08027f90      0xc  Locations.o [1]
  .rodata            const    0x08027f9c      0xc  Locations.o [1]
  .rodata            const    0x08027fa8      0xc  Locations.o [1]
  .rodata            const    0x08027fb4      0xc  Locations.o [1]
  .rodata            const    0x08027fc0      0xc  Locations.o [1]
  .rodata            const    0x08027fcc      0xc  Locations.o [1]
  .rodata            const    0x08027fd8      0xc  Locations.o [1]
  .rodata            const    0x08027fe4      0xc  Locations.o [1]
  .rodata            const    0x08027ff0      0xc  Locations.o [1]
  .rodata            const    0x08027ffc      0xc  Locations.o [1]
  .rodata            const    0x08028008      0xc  Locations.o [1]
  .rodata            const    0x08028014      0xc  Locations.o [1]
  .rodata            const    0x08028020      0xc  Locations.o [1]
  .rodata            const    0x0802802c      0xc  Locations.o [1]
  .rodata            const    0x08028038      0xc  Locations.o [1]
  .rodata            const    0x08028044      0xc  Locations.o [1]
  .rodata            const    0x08028050      0xc  Locations.o [1]
  .rodata            const    0x0802805c      0xc  Locations.o [1]
  .rodata            const    0x08028068      0xc  Locations.o [1]
  .rodata            const    0x08028074      0xc  Locations.o [1]
  .rodata            const    0x08028080      0xc  Locations.o [1]
  .rodata            const    0x0802808c      0xc  Locations.o [1]
  .rodata            const    0x08028098      0xc  Locations.o [1]
  .rodata            const    0x080280a4      0xc  Locations.o [1]
  .rodata            const    0x080280b0      0xc  Locations.o [1]
  .rodata            const    0x080280bc      0xc  Locations.o [1]
  .rodata            const    0x080280c8      0xc  Locations.o [1]
  .rodata            const    0x080280d4      0xc  Locations.o [1]
  .rodata            const    0x080280e0      0xc  Locations.o [1]
  .rodata            const    0x080280ec      0xc  Locations.o [1]
  .rodata            const    0x080280f8      0xc  Locations.o [1]
  .rodata            const    0x08028104      0xc  Locations.o [1]
  .rodata            const    0x08028110      0xc  Locations.o [1]
  .rodata            const    0x0802811c      0xc  Locations.o [1]
  .rodata            const    0x08028128      0xc  Locations.o [1]
  .rodata            const    0x08028134      0xc  Locations.o [1]
  .rodata            const    0x08028140      0xc  Locations.o [1]
  .rodata            const    0x0802814c      0xc  Locations.o [1]
  .rodata            const    0x08028158      0xc  Locations.o [1]
  .rodata            const    0x08028164      0xc  Locations.o [1]
  .rodata            const    0x08028170      0xc  Locations.o [1]
  .rodata            const    0x0802817c      0xc  Locations.o [1]
  .rodata            const    0x08028188      0xc  Locations.o [1]
  .rodata            const    0x08028194      0xc  Locations.o [1]
  .rodata            const    0x080281a0      0xc  Locations.o [1]
  .rodata            const    0x080281ac      0xc  Locations.o [1]
  .rodata            const    0x080281b8      0xc  Locations.o [1]
  .rodata            const    0x080281c4      0xc  Locations.o [1]
  .rodata            const    0x080281d0      0xc  Locations.o [1]
  .rodata            const    0x080281dc      0xc  Locations.o [1]
  .rodata            const    0x080281e8      0xc  Locations.o [1]
  .rodata            const    0x080281f4      0xc  Locations.o [1]
  .rodata            const    0x08028200      0xc  Locations.o [1]
  .rodata            const    0x0802820c      0xc  Locations.o [1]
  .rodata            const    0x08028218      0xc  Locations.o [1]
  .rodata            const    0x08028224      0xc  Locations.o [1]
  .rodata            const    0x08028230      0xc  Locations.o [1]
  .rodata            const    0x0802823c      0xc  Locations.o [1]
  .rodata            const    0x08028248      0xc  Locations.o [1]
  .rodata            const    0x08028254      0xc  Locations.o [1]
  .rodata            const    0x08028260      0xc  Locations.o [1]
  .rodata            const    0x0802826c      0xc  Locations.o [1]
  .rodata            const    0x08028278      0xc  Locations.o [1]
  .rodata            const    0x08028284      0xc  Locations.o [1]
  .rodata            const    0x08028290      0xc  Locations.o [1]
  .rodata            const    0x0802829c      0xc  Locations.o [1]
  .rodata            const    0x080282a8      0xc  Locations.o [1]
  .rodata            const    0x080282b4      0xc  Locations.o [1]
  .rodata            const    0x080282c0      0xc  Locations.o [1]
  .rodata            const    0x080282cc      0xc  Locations.o [1]
  .rodata            const    0x080282d8      0xc  Locations.o [1]
  .rodata            const    0x080282e4      0xc  Locations.o [1]
  .rodata            const    0x080282f0      0xc  Locations.o [1]
  .rodata            const    0x080282fc      0xc  Locations.o [1]
  .rodata            const    0x08028308      0xc  Locations.o [1]
  .rodata            const    0x08028314      0xc  Locations.o [1]
  .rodata            const    0x08028320      0xc  Locations.o [1]
  .rodata            const    0x0802832c      0xc  Locations.o [1]
  .rodata            const    0x08028338      0xc  Locations.o [1]
  .rodata            const    0x08028344      0xc  Locations.o [1]
  .rodata            const    0x08028350      0xc  Locations.o [1]
  .rodata            const    0x0802835c      0xc  Locations.o [1]
  .rodata            const    0x08028368      0xc  Locations.o [1]
  .rodata            const    0x08028374      0xc  Locations.o [1]
  .rodata            const    0x08028380      0xc  Locations.o [1]
  .rodata            const    0x0802838c      0xc  Locations.o [1]
  .rodata            const    0x08028398      0xc  Locations.o [1]
  .rodata            const    0x080283a4      0xc  Locations.o [1]
  .rodata            const    0x080283b0      0xc  Locations.o [1]
  .rodata            const    0x080283bc      0xc  Locations.o [1]
  .rodata            const    0x080283c8      0xc  Locations.o [1]
  .rodata            const    0x080283d4      0xc  Locations.o [1]
  .rodata            const    0x080283e0      0xc  Locations.o [1]
  .rodata            const    0x080283ec      0xc  Locations.o [1]
  .rodata            const    0x080283f8      0xc  Locations.o [1]
  .rodata            const    0x08028404      0xc  Locations.o [1]
  .rodata            const    0x08028410      0xc  Locations.o [1]
  .rodata            const    0x0802841c      0xc  Locations.o [1]
  .rodata            const    0x08028428      0xc  Locations.o [1]
  .rodata            const    0x08028434      0xc  Locations.o [1]
  .rodata            const    0x08028440      0xc  Locations.o [1]
  .rodata            const    0x0802844c      0xc  Locations.o [1]
  .rodata            const    0x08028458      0xc  Locations.o [1]
  .text              ro code  0x08028464      0xc  cstartup_M.o [4]
  .rodata            const    0x08028470      0x8  Animations.o [1]
  .rodata            const    0x08028478      0x8  Animations.o [1]
  .rodata            const    0x08028480      0x8  Animations.o [1]
  .rodata            const    0x08028488      0x8  Animations.o [1]
  .rodata            const    0x08028490      0x8  Animations.o [1]
  .rodata            const    0x08028498      0x8  Animations.o [1]
  .rodata            const    0x080284a0      0x8  Animations.o [1]
  .rodata            const    0x080284a8      0x8  Animations.o [1]
  .rodata            const    0x080284b0      0x8  Animations.o [1]
  .rodata            const    0x080284b8      0x8  Animations.o [1]
  .rodata            const    0x080284c0      0x8  Animations.o [1]
  .rodata            const    0x080284c8      0x8  Animations.o [1]
  .rodata            const    0x080284d0      0x8  Animations.o [1]
  .rodata            const    0x080284d8      0x8  ChrScripts.o [1]
  .rodata            const    0x080284e0      0x8  Control.o [1]
  .rodata            const    0x080284e8      0x8  Game.o [1]
  .rodata            const    0x080284f0      0x8  Graphics.o [1]
  .rodata            const    0x080284f8      0x8  Graphics.o [1]
  .rodata            const    0x08028500      0x8  Graphics.o [1]
  .rodata            const    0x08028508      0x8  Graphics.o [1]
  .rodata            const    0x08028510      0x8  Graphics.o [1]
  .rodata            const    0x08028518      0x8  Graphics.o [1]
  .rodata            const    0x08028520      0x8  Graphics.o [1]
  .rodata            const    0x08028528      0x8  Graphics.o [1]
  .rodata            const    0x08028530      0x8  Graphics.o [1]
  .rodata            const    0x08028538      0x8  Graphics.o [1]
  .rodata            const    0x08028540      0x8  Graphics.o [1]
  .rodata            const    0x08028548      0x8  Graphics.o [1]
  .rodata            const    0x08028550      0x8  Graphics.o [1]
  .rodata            const    0x08028558      0x8  Graphics.o [1]
  .rodata            const    0x08028560      0x8  Graphics.o [1]
  .rodata            const    0x08028568      0x8  Graphics.o [1]
  .rodata            const    0x08028570      0x8  Locations.o [1]
  .rodata            const    0x08028578      0x8  Locations.o [1]
  .rodata            const    0x08028580      0x8  Locations.o [1]
  .rodata            const    0x08028588      0x8  Locations.o [1]
  .rodata            const    0x08028590      0x8  Locations.o [1]
  .rodata            const    0x08028598      0x8  tasks.o [1]
  .rodata            const    0x080285a0      0x4  Graphics.o [1]
  .rodata            const    0x080285a4      0x4  Graphics.o [1]
  .rodata            const    0x080285a8      0x4  Graphics.o [1]
  .rodata            const    0x080285ac      0x4  Graphics.o [1]
  .rodata            const    0x080285b0      0x4  Graphics.o [1]
  .rodata            const    0x080285b4      0x4  Graphics.o [1]
  .rodata            const    0x080285b8      0x4  Graphics.o [1]
  .rodata            const    0x080285bc      0x4  Graphics.o [1]
  .rodata            const    0x080285c0      0x4  Graphics.o [1]
  .rodata            const    0x080285c4      0x4  Graphics.o [1]
  .rodata            const    0x080285c8      0x4  Graphics.o [1]
  .rodata            const    0x080285cc      0x4  Graphics.o [1]
  .rodata            const    0x080285d0      0x4  heap_4.o [1]
  .rodata            const    0x080285d4      0x4  Locations.o [1]
  .text              ro code  0x080285d8      0x4  startup_stm32f10x_hd.o [1]
  .text              ro code  0x080285dc      0x4  startup_stm32f10x_hd.o [1]
  .text              ro code  0x080285e0      0x4  startup_stm32f10x_hd.o [1]
  .text              ro code  0x080285e4      0x4  startup_stm32f10x_hd.o [1]
  .text              ro code  0x080285e8      0x4  startup_stm32f10x_hd.o [1]
  .text              ro code  0x080285ec      0x4  startup_stm32f10x_hd.o [1]
  .text              ro code  0x080285f0      0x4  startup_stm32f10x_hd.o [1]
  .text              ro code  0x080285f4      0x4  startup_stm32f10x_hd.o [1]
  .text              ro code  0x080285f8      0x4  startup_stm32f10x_hd.o [1]
  .text              ro code  0x080285fc      0x4  startup_stm32f10x_hd.o [1]
  .text              ro code  0x08028600      0x4  startup_stm32f10x_hd.o [1]
  .text              ro code  0x08028604      0x4  startup_stm32f10x_hd.o [1]
  .text              ro code  0x08028608      0x4  startup_stm32f10x_hd.o [1]
  .text              ro code  0x0802860c      0x4  startup_stm32f10x_hd.o [1]
  .text              ro code  0x08028610      0x4  startup_stm32f10x_hd.o [1]
  .text              ro code  0x08028614      0x4  startup_stm32f10x_hd.o [1]
  .text              ro code  0x08028618      0x4  startup_stm32f10x_hd.o [1]
  .text              ro code  0x0802861c      0x4  startup_stm32f10x_hd.o [1]
  .text              ro code  0x08028620      0x4  startup_stm32f10x_hd.o [1]
  .text              ro code  0x08028624      0x4  startup_stm32f10x_hd.o [1]
  .text              ro code  0x08028628      0x4  startup_stm32f10x_hd.o [1]
  .text              ro code  0x0802862c      0x4  startup_stm32f10x_hd.o [1]
  .text              ro code  0x08028630      0x4  startup_stm32f10x_hd.o [1]
  .text              ro code  0x08028634      0x4  startup_stm32f10x_hd.o [1]
  .text              ro code  0x08028638      0x4  startup_stm32f10x_hd.o [1]
  .text              ro code  0x0802863c      0x4  startup_stm32f10x_hd.o [1]
  .text              ro code  0x08028640      0x4  startup_stm32f10x_hd.o [1]
  .text              ro code  0x08028644      0x4  startup_stm32f10x_hd.o [1]
  .text              ro code  0x08028648      0x4  startup_stm32f10x_hd.o [1]
  .text              ro code  0x0802864c      0x4  startup_stm32f10x_hd.o [1]
  .text              ro code  0x08028650      0x4  startup_stm32f10x_hd.o [1]
  .text              ro code  0x08028654      0x4  startup_stm32f10x_hd.o [1]
  .text              ro code  0x08028658      0x4  startup_stm32f10x_hd.o [1]
  .text              ro code  0x0802865c      0x4  startup_stm32f10x_hd.o [1]
  .text              ro code  0x08028660      0x4  startup_stm32f10x_hd.o [1]
  .text              ro code  0x08028664      0x4  startup_stm32f10x_hd.o [1]
  .text              ro code  0x08028668      0x4  startup_stm32f10x_hd.o [1]
  .text              ro code  0x0802866c      0x4  startup_stm32f10x_hd.o [1]
  .text              ro code  0x08028670      0x4  startup_stm32f10x_hd.o [1]
  .text              ro code  0x08028674      0x4  startup_stm32f10x_hd.o [1]
  .text              ro code  0x08028678      0x4  startup_stm32f10x_hd.o [1]
  .text              ro code  0x0802867c      0x4  startup_stm32f10x_hd.o [1]
  .text              ro code  0x08028680      0x4  startup_stm32f10x_hd.o [1]
  .text              ro code  0x08028684      0x4  startup_stm32f10x_hd.o [1]
  .text              ro code  0x08028688      0x4  startup_stm32f10x_hd.o [1]
  .text              ro code  0x0802868c      0x4  startup_stm32f10x_hd.o [1]
  .text              ro code  0x08028690      0x4  startup_stm32f10x_hd.o [1]
  .text              ro code  0x08028694      0x4  startup_stm32f10x_hd.o [1]
  .text              ro code  0x08028698      0x4  startup_stm32f10x_hd.o [1]
  .text              ro code  0x0802869c      0x4  startup_stm32f10x_hd.o [1]
  .text              ro code  0x080286a0      0x4  startup_stm32f10x_hd.o [1]
  .text              ro code  0x080286a4      0x4  startup_stm32f10x_hd.o [1]
  .text              ro code  0x080286a8      0x4  startup_stm32f10x_hd.o [1]
  .text              ro code  0x080286ac      0x4  startup_stm32f10x_hd.o [1]
  .text              ro code  0x080286b0      0x4  startup_stm32f10x_hd.o [1]
  .text              ro code  0x080286b4      0x4  startup_stm32f10x_hd.o [1]
  .text              ro code  0x080286b8      0x4  startup_stm32f10x_hd.o [1]
  .text              ro code  0x080286bc      0x4  startup_stm32f10x_hd.o [1]
  .text              ro code  0x080286c0      0x4  startup_stm32f10x_hd.o [1]
  .text              ro code  0x080286c4      0x4  startup_stm32f10x_hd.o [1]
  .text              ro code  0x080286c8      0x4  startup_stm32f10x_hd.o [1]
  .text              ro code  0x080286cc      0x4  startup_stm32f10x_hd.o [1]
  .text              ro code  0x080286d0      0x4  startup_stm32f10x_hd.o [1]
  .text              ro code  0x080286d4      0x4  startup_stm32f10x_hd.o [1]
  .text              ro code  0x080286d8      0x4  startup_stm32f10x_hd.o [1]
  .text              ro code  0x080286dc      0x4  startup_stm32f10x_hd.o [1]
  .text              ro code  0x080286e0      0x4  startup_stm32f10x_hd.o [1]
  .text              ro code  0x080286e4      0x4  startup_stm32f10x_hd.o [1]
  .text              ro code  0x080286e8      0x4  startup_stm32f10x_hd.o [1]
  .rodata            const    0x080286ec      0x0  zero_init3.o [4]
  .rodata            const    0x080286ec      0x0  lz77_init_single.o [4]
  Initializer bytes  const    0x080286ec    0x84b  <for P2-1>
                            - 0x08028f37  0x28e07

"P2", part 1 of 3:                          0xba8
  P2-1                        0x20000000    0xba8  <Init block>
    .data            inited   0x20000000     0x8c  Animations.o [1]
    .data            inited   0x2000008c     0x10  Animations.o [1]
    .data            inited   0x2000009c      0x8  Animations.o [1]
    .data            inited   0x200000a4      0x4  Animations.o [1]
    .data            inited   0x200000a8     0x38  Animations.o [1]
    .data            inited   0x200000e0      0xc  Animations.o [1]
    .data            inited   0x200000ec     0x10  Animations.o [1]
    .data            inited   0x200000fc     0x20  Animations.o [1]
    .data            inited   0x2000011c     0x10  Animations.o [1]
    .data            inited   0x2000012c     0x18  Animations.o [1]
    .data            inited   0x20000144     0x10  Animations.o [1]
    .data            inited   0x20000154     0x20  Animations.o [1]
    .data            inited   0x20000174     0x10  Animations.o [1]
    .data            inited   0x20000184     0x10  Animations.o [1]
    .data            inited   0x20000194     0x10  Animations.o [1]
    .data            inited   0x200001a4     0x10  Animations.o [1]
    .data            inited   0x200001b4     0x10  Animations.o [1]
    .data            inited   0x200001c4     0x10  Animations.o [1]
    .data            inited   0x200001d4      0x4  Animations.o [1]
    .data            inited   0x200001d8     0x20  Animations.o [1]
    .data            inited   0x200001f8      0x8  Animations.o [1]
    .data            inited   0x20000200      0x8  Animations.o [1]
    .data            inited   0x20000208      0x8  Animations.o [1]
    .data            inited   0x20000210     0x10  Animations.o [1]
    .data            inited   0x20000220      0x8  Animations.o [1]
    .data            inited   0x20000228     0x10  Animations.o [1]
    .data            inited   0x20000238     0x10  Animations.o [1]
    .data            inited   0x20000248     0x10  Animations.o [1]
    .data            inited   0x20000258      0x8  Animations.o [1]
    .data            inited   0x20000260      0x8  Animations.o [1]
    .data            inited   0x20000268     0x10  Animations.o [1]
    .data            inited   0x20000278     0x10  Animations.o [1]
    .data            inited   0x20000288     0x10  Animations.o [1]
    .data            inited   0x20000298     0x10  Animations.o [1]
    .data            inited   0x200002a8      0x8  Animations.o [1]
    .data            inited   0x200002b0      0x8  Animations.o [1]
    .data            inited   0x200002b8     0x10  Animations.o [1]
    .data            inited   0x200002c8     0x10  Animations.o [1]
    .data            inited   0x200002d8      0x4  Animations.o [1]
    .data            inited   0x200002dc     0x20  Animations.o [1]
    .data            inited   0x200002fc      0x8  Animations.o [1]
    .data            inited   0x20000304      0x8  Animations.o [1]
    .data            inited   0x2000030c      0x8  Animations.o [1]
    .data            inited   0x20000314     0x10  Animations.o [1]
    .data            inited   0x20000324     0x10  Animations.o [1]
    .data            inited   0x20000334     0x10  Animations.o [1]
    .data            inited   0x20000344      0x8  Animations.o [1]
    .data            inited   0x2000034c      0x8  Animations.o [1]
    .data            inited   0x20000354     0x20  Animations.o [1]
    .data            inited   0x20000374     0x10  Animations.o [1]
    .data            inited   0x20000384     0x10  Animations.o [1]
    .data            inited   0x20000394      0x4  Animations.o [1]
    .data            inited   0x20000398      0x4  Animations.o [1]
    .data            inited   0x2000039c      0x4  Animations.o [1]
    .data            inited   0x200003a0      0x8  Animations.o [1]
    .data            inited   0x200003a8      0x8  Animations.o [1]
    .data            inited   0x200003b0     0xe0  Animations.o [1]
    .data            inited   0x20000490     0xf8  Graphics.o [1]
    .data            inited   0x20000588      0x4  heap_4.o [1]
    .data            inited   0x2000058c      0xc  Locations.o [1]
    .data            inited   0x20000598      0xc  Locations.o [1]
    .data            inited   0x200005a4      0xc  Locations.o [1]
    .data            inited   0x200005b0      0xc  Locations.o [1]
    .data            inited   0x200005bc      0xc  Locations.o [1]
    .data            inited   0x200005c8      0xc  Locations.o [1]
    .data            inited   0x200005d4      0xc  Locations.o [1]
    .data            inited   0x200005e0      0xc  Locations.o [1]
    .data            inited   0x200005ec      0xc  Locations.o [1]
    .data            inited   0x200005f8      0xc  Locations.o [1]
    .data            inited   0x20000604      0xc  Locations.o [1]
    .data            inited   0x20000610      0xc  Locations.o [1]
    .data            inited   0x2000061c      0xc  Locations.o [1]
    .data            inited   0x20000628      0xc  Locations.o [1]
    .data            inited   0x20000634      0xc  Locations.o [1]
    .data            inited   0x20000640      0xc  Locations.o [1]
    .data            inited   0x2000064c      0xc  Locations.o [1]
    .data            inited   0x20000658      0xc  Locations.o [1]
    .data            inited   0x20000664      0xc  Locations.o [1]
    .data            inited   0x20000670     0x10  Locations.o [1]
    .data            inited   0x20000680     0x10  Locations.o [1]
    .data            inited   0x20000690      0x8  Locations.o [1]
    .data            inited   0x20000698      0xc  Locations.o [1]
    .data            inited   0x200006a4     0x10  Locations.o [1]
    .data            inited   0x200006b4     0x14  Locations.o [1]
    .data            inited   0x200006c8     0x10  Locations.o [1]
    .data            inited   0x200006d8     0x14  Locations.o [1]
    .data            inited   0x200006ec     0x10  Locations.o [1]
    .data            inited   0x200006fc     0x10  Locations.o [1]
    .data            inited   0x2000070c     0x14  Locations.o [1]
[...]
Sprite0A_03             0x08027420     0xc  Data  Gb  Animations.o [1]
Sprite0B_00             0x0802742c     0xc  Data  Gb  Animations.o [1]
Sprite0B_01             0x08027438     0xc  Data  Gb  Animations.o [1]
Sprite0B_02             0x08027444     0xc  Data  Gb  Animations.o [1]
Sprite0B_03             0x08027450     0xc  Data  Gb  Animations.o [1]
Sprite0B_04             0x0802745c     0xc  Data  Gb  Animations.o [1]
Sprite0B_05             0x08027468     0xc  Data  Gb  Animations.o [1]
Sprite0B_06             0x08027474     0xc  Data  Gb  Animations.o [1]
Sprite0B_07             0x08027480     0xc  Data  Gb  Animations.o [1]
Sprite0C_00             0x0802748c     0xc  Data  Gb  Animations.o [1]
Sprite0C_01             0x08027498     0xc  Data  Gb  Animations.o [1]
Sprite0C_02             0x080274a4     0xc  Data  Gb  Animations.o [1]
Sprite0C_03             0x080274b0     0xc  Data  Gb  Animations.o [1]
Sprite0D_00             0x080274bc     0xc  Data  Gb  Animations.o [1]
Sprite0D_01             0x080274c8     0xc  Data  Gb  Animations.o [1]
Sprite0D_02             0x080274d4     0xc  Data  Gb  Animations.o [1]
Sprite0D_03             0x080274e0     0xc  Data  Gb  Animations.o [1]
Sprite0E_00             0x080274ec     0xc  Data  Gb  Animations.o [1]
Sprite0E_01             0x080274f8     0xc  Data  Gb  Animations.o [1]
Sprite0E_02             0x08027504     0xc  Data  Gb  Animations.o [1]
Sprite0E_03             0x08027510     0xc  Data  Gb  Animations.o [1]
Sprite0F_00             0x0802751c     0xc  Data  Gb  Animations.o [1]
Sprite0F_01             0x08027528     0xc  Data  Gb  Animations.o [1]
Sprite0F_02             0x08027534     0xc  Data  Gb  Animations.o [1]
Sprite0F_03             0x08027540     0xc  Data  Gb  Animations.o [1]
Sprite10_00             0x0802754c     0xc  Data  Gb  Animations.o [1]
Sprite10_01             0x08027558     0xc  Data  Gb  Animations.o [1]
Sprite10_02             0x08027564     0xc  Data  Gb  Animations.o [1]
Sprite10_03             0x08027570     0xc  Data  Gb  Animations.o [1]
Sprite11_00             0x0802757c     0xc  Data  Gb  Animations.o [1]
Sprite11_01             0x08027588     0xc  Data  Gb  Animations.o [1]
Sprite11_02             0x08027594     0xc  Data  Gb  Animations.o [1]
Sprite11_03             0x080275a0     0xc  Data  Gb  Animations.o [1]
Sprite12_00             0x080275ac     0xc  Data  Gb  Animations.o [1]
Sprite13_00             0x080275b8     0xc  Data  Gb  Animations.o [1]
Sprite13_01             0x080275c4     0xc  Data  Gb  Animations.o [1]
Sprite13_02             0x080275d0     0xc  Data  Gb  Animations.o [1]
Sprite13_03             0x080275dc     0xc  Data  Gb  Animations.o [1]
Sprite13_04             0x080275e8     0xc  Data  Gb  Animations.o [1]
Sprite13_05             0x080275f4     0xc  Data  Gb  Animations.o [1]
Sprite13_06             0x08027600     0xc  Data  Gb  Animations.o [1]
Sprite13_07             0x0802760c     0xc  Data  Gb  Animations.o [1]
Sprite14_00             0x08027618     0xc  Data  Gb  Animations.o [1]
Sprite14_01             0x08027624     0xc  Data  Gb  Animations.o [1]
Sprite15_00             0x08027630     0xc  Data  Gb  Animations.o [1]
Sprite15_01             0x0802763c     0xc  Data  Gb  Animations.o [1]
Sprite16_00             0x08027648     0xc  Data  Gb  Animations.o [1]
Sprite16_01             0x08027654     0xc  Data  Gb  Animations.o [1]
Sprite17_00             0x08027660     0xc  Data  Gb  Animations.o [1]
Sprite17_01             0x0802766c     0xc  Data  Gb  Animations.o [1]
Sprite17_02             0x08027678     0xc  Data  Gb  Animations.o [1]
Sprite17_03             0x08027684     0xc  Data  Gb  Animations.o [1]
Sprite18_00             0x08027690     0xc  Data  Gb  Animations.o [1]
Sprite18_01             0x0802769c     0xc  Data  Gb  Animations.o [1]
Sprite19_00             0x080276a8     0xc  Data  Gb  Animations.o [1]
Sprite19_01             0x080276b4     0xc  Data  Gb  Animations.o [1]
Sprite19_02             0x080276c0     0xc  Data  Gb  Animations.o [1]
Sprite19_03             0x080276cc     0xc  Data  Gb  Animations.o [1]
Sprite1A_00             0x080276d8     0xc  Data  Gb  Animations.o [1]
Sprite1A_01             0x080276e4     0xc  Data  Gb  Animations.o [1]
Sprite1A_02             0x080276f0     0xc  Data  Gb  Animations.o [1]
Sprite1A_03             0x080276fc     0xc  Data  Gb  Animations.o [1]
Sprite1B_00             0x08027708     0xc  Data  Gb  Animations.o [1]
Sprite1B_01             0x08027714     0xc  Data  Gb  Animations.o [1]
Sprite1B_02             0x08027720     0xc  Data  Gb  Animations.o [1]
Sprite1B_03             0x0802772c     0xc  Data  Gb  Animations.o [1]
Sprite1C_00             0x08027738     0xc  Data  Gb  Animations.o [1]
Sprite1C_01             0x08027744     0xc  Data  Gb  Animations.o [1]
Sprite1D_00             0x08027750     0xc  Data  Gb  Animations.o [1]
Sprite1D_01             0x0802775c     0xc  Data  Gb  Animations.o [1]
Sprite1E_00             0x08027768     0xc  Data  Gb  Animations.o [1]
Sprite1E_01             0x08027774     0xc  Data  Gb  Animations.o [1]
Sprite1E_02             0x08027780     0xc  Data  Gb  Animations.o [1]
Sprite1E_03             0x0802778c     0xc  Data  Gb  Animations.o [1]
Sprite1F_00             0x08027798     0xc  Data  Gb  Animations.o [1]
Sprite1F_01             0x080277a4     0xc  Data  Gb  Animations.o [1]
Sprite1F_02             0x080277b0     0xc  Data  Gb  Animations.o [1]
Sprite1F_03             0x080277bc     0xc  Data  Gb  Animations.o [1]
Sprite20_00             0x080277c8     0xc  Data  Gb  Animations.o [1]
Sprite20_01             0x080277d4     0xc  Data  Gb  Animations.o [1]
Sprite20_02             0x080277e0     0xc  Data  Gb  Animations.o [1]
Sprite20_03             0x080277ec     0xc  Data  Gb  Animations.o [1]
Sprite21_00             0x080277f8     0xc  Data  Gb  Animations.o [1]
Sprite21_01             0x08027804     0xc  Data  Gb  Animations.o [1]
Sprite21_02             0x08027810     0xc  Data  Gb  Animations.o [1]
Sprite21_03             0x0802781c     0xc  Data  Gb  Animations.o [1]
Sprite22_00             0x08027828     0xc  Data  Gb  Animations.o [1]
Sprite22_01             0x08027834     0xc  Data  Gb  Animations.o [1]
Sprite23_00             0x08027840     0xc  Data  Gb  Animations.o [1]
Sprite23_01             0x0802784c     0xc  Data  Gb  Animations.o [1]
Sprite24_00             0x08027858     0xc  Data  Gb  Animations.o [1]
Sprite24_01             0x08027864     0xc  Data  Gb  Animations.o [1]
Sprite24_02             0x08027870     0xc  Data  Gb  Animations.o [1]
Sprite24_03             0x0802787c     0xc  Data  Gb  Animations.o [1]
Sprite25_00             0x08027888     0xc  Data  Gb  Animations.o [1]
Sprite25_01             0x08027894     0xc  Data  Gb  Animations.o [1]
Sprite25_02             0x080278a0     0xc  Data  Gb  Animations.o [1]
Sprite25_03             0x080278ac     0xc  Data  Gb  Animations.o [1]
Sprite26_00             0x080278b8     0xc  Data  Gb  Animations.o [1]
Sprite27_00             0x080278c4     0xc  Data  Gb  Animations.o [1]
Sprite27_01             0x080278d0     0xc  Data  Gb  Animations.o [1]
Sprite27_02             0x080278dc     0xc  Data  Gb  Animations.o [1]
Sprite27_03             0x080278e8     0xc  Data  Gb  Animations.o [1]
Sprite27_04             0x080278f4     0xc  Data  Gb  Animations.o [1]
Sprite27_05             0x08027900     0xc  Data  Gb  Animations.o [1]
Sprite27_06             0x0802790c     0xc  Data  Gb  Animations.o [1]
Sprite27_07             0x08027918     0xc  Data  Gb  Animations.o [1]
Sprite28_00             0x08027924     0xc  Data  Gb  Animations.o [1]
Sprite28_01             0x08027930     0xc  Data  Gb  Animations.o [1]
Sprite2A_00             0x0802793c     0xc  Data  Gb  Animations.o [1]
Sprite2A_01             0x08027948     0xc  Data  Gb  Animations.o [1]
Sprite2B_00             0x08027954     0xc  Data  Gb  Animations.o [1]
Sprite2B_01             0x08027960     0xc  Data  Gb  Animations.o [1]
Sprite2B_02             0x0802796c     0xc  Data  Gb  Animations.o [1]
Sprite2B_03             0x08027978     0xc  Data  Gb  Animations.o [1]
Sprite2C_00             0x08027984     0xc  Data  Gb  Animations.o [1]
Sprite2C_01             0x08027990     0xc  Data  Gb  Animations.o [1]
Sprite2C_02             0x0802799c     0xc  Data  Gb  Animations.o [1]
Sprite2C_03             0x080279a8     0xc  Data  Gb  Animations.o [1]
Sprite2D_00             0x080279b4     0xc  Data  Gb  Animations.o [1]
Sprite2D_01             0x080279c0     0xc  Data  Gb  Animations.o [1]
Sprite2D_02             0x080279cc     0xc  Data  Gb  Animations.o [1]
Sprite2D_03             0x080279d8     0xc  Data  Gb  Animations.o [1]
Sprite2E_00             0x080279e4     0xc  Data  Gb  Animations.o [1]
Sprite2E_01             0x080279f0     0xc  Data  Gb  Animations.o [1]
Sprite2F_00             0x080279fc     0xc  Data  Gb  Animations.o [1]
Sprite2F_01             0x08027a08     0xc  Data  Gb  Animations.o [1]
Sprite30_00             0x08027a14     0xc  Data  Gb  Animations.o [1]
Sprite30_01             0x08027a20     0xc  Data  Gb  Animations.o [1]
Sprite30_02             0x08027a2c     0xc  Data  Gb  Animations.o [1]
Sprite30_03             0x08027a38     0xc  Data  Gb  Animations.o [1]
Sprite30_04             0x08027a44     0xc  Data  Gb  Animations.o [1]
Sprite30_05             0x08027a50     0xc  Data  Gb  Animations.o [1]
Sprite30_06             0x08027a5c     0xc  Data  Gb  Animations.o [1]
Sprite30_07             0x08027a68     0xc  Data  Gb  Animations.o [1]
Sprite31_00             0x08027a74     0xc  Data  Gb  Animations.o [1]
Sprite31_01             0x08027a80     0xc  Data  Gb  Animations.o [1]
Sprite31_02             0x08027a8c     0xc  Data  Gb  Animations.o [1]
Sprite31_03             0x08027a98     0xc  Data  Gb  Animations.o [1]
Sprite32_00             0x08027aa4     0xc  Data  Gb  Animations.o [1]
Sprite32_01             0x08027ab0     0xc  Data  Gb  Animations.o [1]
Sprite32_02             0x08027abc     0xc  Data  Gb  Animations.o [1]
Sprite32_03             0x08027ac8     0xc  Data  Gb  Animations.o [1]
Sprite33_00             0x08027ad4     0xc  Data  Gb  Animations.o [1]
Sprite34_00             0x08027ae0     0xc  Data  Gb  Animations.o [1]
Sprite35_00             0x08027aec     0xc  Data  Gb  Animations.o [1]
Sprite36_00             0x08027af8     0xc  Data  Gb  Animations.o [1]
Sprite36_01             0x08027b04     0xc  Data  Gb  Animations.o [1]
Sprite37_00             0x08027b10     0xc  Data  Gb  Animations.o [1]
Sprite37_01             0x08027b1c     0xc  Data  Gb  Animations.o [1]
StandbyScript           0x08026478    0x28  Data  Gb  StandbyScript.o [1]
StarScript              0x080091b9     0x2  Code  Gb  ChrScripts.o [1]
StarvingTask            0x08006bf9    0x1a  Code  Gb  Game.o [1]
StopHim                 0x08006261    0x3a  Code  Lc  Player.o [1]
SwampedRight            0x080284a0     0x8  Data  Gb  Animations.o [1]
SwitchScript            0x080091af     0x2  Code  Gb  ChrScripts.o [1]
SystemInit              0x08021ca9    0x54  Code  Gb  system_stm32f10x.o [1]
TIM_CCxCmd              0x08019ca9    0x20  Code  Gb  stm32f10x_tim.o [1]
TIM_CCxNCmd             0x08019cc9    0x20  Code  Gb  stm32f10x_tim.o [1]
TIM_Cmd                 0x08019c6b    0x1c  Code  Gb  stm32f10x_tim.o [1]
TIM_CtrlPWMOutputs      0x08019c87    0x22  Code  Gb  stm32f10x_tim.o [1]
TIM_OC1Init             0x08019bd7    0x94  Code  Gb  stm32f10x_tim.o [1]
TIM_TimeBaseInit        0x08019b45    0x92  Code  Gb  stm32f10x_tim.o [1]
ThrowLeft               0x080284c0     0x8  Data  Gb  Animations.o [1]
ThrowRight              0x08028488     0x8  Data  Gb  Animations.o [1]
TimeToStarve            0x08006c13    0x14  Code  Gb  Game.o [1]
UpdateCharAnimation     0x080077fd    0x5c  Code  Gb  Animations.o [1]
UpdateFrameData         0x08007289    0x48  Code  Gb  Game.o [1]
UpdateHats              0x08005c93    0x48  Code  Lc  Player.o [1]
WagonScript             0x080091b1     0x2  Code  Gb  ChrScripts.o [1]
WalkLeft                0x080284a8     0x8  Data  Gb  Animations.o [1]
WalkRight               0x08028470     0x8  Data  Gb  Animations.o [1]
WipeAfterOneSprite      0x08007b4b    0x42  Code  Gb  Graphics.o [1]
WipeAllDirtyTiles       0x08007b8d    0x40  Code  Gb  Graphics.o [1]
WorldBackgrounds        0x20000490    0xf8  Data  Gb  Graphics.o [1]
WorldTiles              0x08000130  0x4000  Data  Gb  Graphics.o [1]
__aeabi_memset          0x08008c6d          Code  Gb  ABImemset.o [4]
__cmain                 0x0802683d          Code  Gb  cmain.o [4]
__exit                  0x08026885          Code  Gb  XXexit.o [4]
__iar_Memset            0x08008c6d          Code  Gb  ABImemset.o [4]
__iar_Memset_word       0x08008c75          Code  Gb  ABImemset.o [4]
__iar_data_init3        0x080264a1    0x28  Code  Gb  data_init.o [4]
__iar_lz77_init_single3
                        0x080257e9    0x78  Code  Gb  lz77_init_single.o [4]
__iar_program_start     0x08028465          Code  Gb  cstartup_M.o [4]
__iar_unaligned___aeabi_memcpy
                        0x080097e1          Code  Gb  ABImemcpy_unaligned.o [4]
__iar_unaligned___aeabi_memcpy4
                        0x08009801          Code  Gb  ABImemcpy_unaligned.o [4]
__iar_unaligned___aeabi_memcpy8
                        0x08009801          Code  Gb  ABImemcpy_unaligned.o [4]
__iar_unaligned_strncpy
                        0x08009bc5          Code  Gb  strncpy_unaligned.o [4]
__iar_zero_init3        0x080260cd    0x40  Code  Gb  zero_init3.o [4]
__low_level_init        0x08026857     0x4  Code  Gb  low_level_init.o [3]
__vector_table          0x08000000          Data  Gb  startup_stm32f10x_hd.o [1]
_call_main              0x08026849          Code  Gb  cmain.o [4]
_exit                   0x08026879          Code  Gb  cexit.o [4]
_main                   0x08026853          Code  Gb  cmain.o [4]
exit                    0x08026873     0x4  Code  Gb  exit.o [3]
foo                     0x20004210     0x4  Data  Lc  Game.o [1]
heapSTRUCT_SIZE         0x08008cd2     0x2  Data  Lc  heap_4.o [1]
mDiscreteControls       0x2000425c     0x2  Data  Lc  Control.o [1]
main                    0x0802685b    0x18  Code  Gb  main.o [1]
prvAddCurrentTaskToDelayedList
                        0x08008ae1    0x3e  Code  Lc  tasks.o [1]
prvAllocateTCBAndStack  0x08008b79    0x46  Code  Lc  tasks.o [1]
prvCheckTasksWaitingTermination
                        0x08008a8b    0x56  Code  Lc  tasks.o [1]
prvCopyDataFromQueue    0x080083df    0x2a  Code  Lc  queue.o [1]
prvCopyDataToQueue      0x08008383    0x5c  Code  Lc  queue.o [1]
prvDeleteTCB            0x08008bbf    0x12  Code  Lc  tasks.o [1]
prvHeapInit             0x08009a81    0x54  Code  Lc  heap_4.o [1]
prvIdleTask             0x080089f9    0x14  Code  Lc  tasks.o [1]
prvInitialiseTCBVariables
                        0x08008a0d    0x38  Code  Lc  tasks.o [1]
prvInitialiseTaskLists  0x08008a45    0x46  Code  Lc  tasks.o [1]
prvInsertBlockIntoFreeList
                        0x08009ad5    0x5c  Code  Lc  heap_4.o [1]
prvIsQueueEmpty         0x08008473    0x1c  Code  Lc  queue.o [1]
prvIsQueueFull          0x0800848f    0x1e  Code  Lc  queue.o [1]
prvUnlockQueue          0x08008409    0x6a  Code  Lc  queue.o [1]
pvPortMalloc            0x080099b9    0x9c  Code  Gb  heap_4.o [1]
pxCurrentTCB            0x20004224     0x4  Data  Gb  tasks.o [1]
pxDelayedTaskList       0x20004228     0x4  Data  Lc  tasks.o [1]
pxEnd                   0x20004218     0x4  Data  Lc  heap_4.o [1]
pxOverflowDelayedTaskList
                        0x2000422c     0x4  Data  Lc  tasks.o [1]
pxPortInitialiseStack   0x08009859    0x1a  Code  Gb  port.o [1]
pxReadyTasksLists       0x20004128    0x64  Data  Lc  tasks.o [1]
ulPortSetInterruptMask  0x08009b7f          Code  Gb  portasm.o [1]
uxCriticalNesting       0x20000ba0     0x4  Data  Lc  port.o [1]
uxCurrentNumberOfTasks  0x20004234     0x4  Data  Lc  tasks.o [1]
uxListRemove            0x08009993    0x26  Code  Gb  list.o [1]
uxMissedTicks           0x2000424c     0x4  Data  Lc  tasks.o [1]
uxSchedulerSuspended    0x20004248     0x4  Data  Lc  tasks.o [1]
uxTaskNumber            0x20004258     0x4  Data  Lc  tasks.o [1]
uxTasksDeleted          0x20004230     0x4  Data  Lc  tasks.o [1]
uxTopReadyPriority      0x20004240     0x4  Data  Lc  tasks.o [1]
uxTopUsedPriority       0x2000423c     0x4  Data  Lc  tasks.o [1]
vListInitialise         0x0800991d    0x1e  Code  Gb  list.o [1]
vListInitialiseItem     0x0800993b     0x6  Code  Gb  list.o [1]
vListInsert             0x0800995d    0x36  Code  Gb  list.o [1]
vListInsertEnd          0x08009941    0x1c  Code  Gb  list.o [1]
vPortClearInterruptMask
                        0x08009b8d          Code  Gb  portasm.o [1]
vPortEnterCritical      0x080098a9    0x12  Code  Gb  port.o [1]
vPortExitCritical       0x080098bb    0x1c  Code  Gb  port.o [1]
vPortFree               0x08009a55    0x2c  Code  Gb  heap_4.o [1]
vPortSVCHandler         0x08009b93          Code  Gb  portasm.o [1]
vPortSetupTimerInterrupt
                        0x08009901    0x1c  Code  Wk  port.o [1]
vPortStartFirstTask     0x08009baf          Code  Gb  portasm.o [1]
vPortYieldFromISR       0x0800989f     0xa  Code  Gb  port.o [1]
vTaskDelay              0x08008639    0x36  Code  Gb  tasks.o [1]
vTaskDelayUntil         0x080085d1    0x68  Code  Gb  tasks.o [1]
vTaskIncrementTick      0x080087a9    0xf2  Code  Gb  tasks.o [1]
vTaskMissedYield        0x080089f1     0x8  Code  Gb  tasks.o [1]
vTaskPlaceOnEventList   0x080088f1    0x38  Code  Gb  tasks.o [1]
vTaskSetTimeOutState    0x08008985     0xe  Code  Gb  tasks.o [1]
vTaskStartScheduler     0x0800866f    0x44  Code  Gb  tasks.o [1]
vTaskSuspendAll         0x080086b3    0x10  Code  Gb  tasks.o [1]
vTaskSwitchContext      0x0800889b    0x56  Code  Gb  tasks.o [1]
xDelayedTaskList1       0x2000418c    0x14  Data  Lc  tasks.o [1]
xDelayedTaskList2       0x200041a0    0x14  Data  Lc  tasks.o [1]
xFreeBytesRemaining     0x20000588     0x4  Data  Lc  heap_4.o [1]
xHeap                   0x20002ba8  0x1000  Data  Lc  heap_4.o [1]
xMissedYield            0x20004250     0x4  Data  Lc  tasks.o [1]
xNextTaskUnblockTime    0x20000ba4     0x4  Data  Lc  tasks.o [1]
xNumOfOverflows         0x20004254     0x4  Data  Lc  tasks.o [1]
xPendingReadyList       0x200041b4    0x14  Data  Lc  tasks.o [1]
xPortPendSVHandler      0x08009b49          Code  Gb  portasm.o [1]
xPortStartScheduler     0x08009873    0x2c  Code  Gb  port.o [1]
xPortSysTickHandler     0x080098d7    0x1a  Code  Gb  port.o [1]
xQueueGenericCreate     0x08008121    0x44  Code  Gb  queue.o [1]
xQueueGenericReceive    0x08008293    0xf0  Code  Gb  queue.o [1]
xQueueGenericReset      0x080080b5    0x6c  Code  Gb  queue.o [1]
xQueueGenericSend       0x08008165    0xce  Code  Gb  queue.o [1]
xQueueGenericSendFromISR
                        0x08008233    0x60  Code  Gb  queue.o [1]
xSchedulerRunning       0x20004244     0x4  Data  Lc  tasks.o [1]
xStart                  0x200041f0     0x8  Data  Lc  heap_4.o [1]
xSuspendedTaskList      0x200041dc    0x14  Data  Lc  tasks.o [1]
xTaskCheckForTimeOut    0x08008993    0x5e  Code  Gb  tasks.o [1]
xTaskGenericCreate      0x080084ad   0x124  Code  Gb  tasks.o [1]
xTaskGetTickCount       0x08008795    0x14  Code  Gb  tasks.o [1]
xTaskRemoveFromEventList
                        0x08008929    0x5c  Code  Gb  tasks.o [1]
xTaskResumeAll          0x080086c3    0xd2  Code  Gb  tasks.o [1]
xTasksWaitingTermination
                        0x200041c8    0x14  Data  Lc  tasks.o [1]
xTickCount              0x20004238     0x4  Data  Lc  tasks.o [1]
xTotalHeapSize          0x080285d0     0x4  Data  Lc  heap_4.o [1]


[1] = D:\Work\living\Stat\Debug\Obj
[2] = command line
[3] = dl7M_tln.a
[4] = rt7M_tl.a

   20 354 bytes of readonly  code memory
  147 381 bytes of readonly  data memory
   16 992 bytes of readwrite data memory

Errors: none
Warnings: none
